Component: ARM Compiler 5.05 update 1 (build 106) Tool: armlink [4d0efa]

==============================================================================

Section Cross References

    startup_stm32f40_41xxx.o(RESET) refers to startup_stm32f40_41xxx.o(STACK) for __initial_sp
    startup_stm32f40_41xxx.o(RESET) refers to startup_stm32f40_41xxx.o(.text) for Reset_Handler
    startup_stm32f40_41xxx.o(RESET) refers to stm32f4xx_it.o(i.NMI_Handler) for NMI_Handler
    startup_stm32f40_41xxx.o(RESET) refers to stm32f4xx_it.o(i.HardFault_Handler) for HardFault_Handler
    startup_stm32f40_41xxx.o(RESET) refers to stm32f4xx_it.o(i.MemManage_Handler) for MemManage_Handler
    startup_stm32f40_41xxx.o(RESET) refers to stm32f4xx_it.o(i.BusFault_Handler) for BusFault_Handler
    startup_stm32f40_41xxx.o(RESET) refers to stm32f4xx_it.o(i.UsageFault_Handler) for UsageFault_Handler
    startup_stm32f40_41xxx.o(RESET) refers to stm32f4xx_it.o(i.SVC_Handler) for SVC_Handler
    startup_stm32f40_41xxx.o(RESET) refers to stm32f4xx_it.o(i.DebugMon_Handler) for DebugMon_Handler
    startup_stm32f40_41xxx.o(RESET) refers to stm32f4xx_it.o(i.PendSV_Handler) for PendSV_Handler
    startup_stm32f40_41xxx.o(RESET) refers to systick.o(i.SysTick_Handler) for SysTick_Handler
    startup_stm32f40_41xxx.o(RESET) refers to nvic.o(i.EXTI4_IRQHandler) for EXTI4_IRQHandler
    startup_stm32f40_41xxx.o(RESET) refers to nvic.o(i.EXTI9_5_IRQHandler) for EXTI9_5_IRQHandler
    startup_stm32f40_41xxx.o(RESET) refers to timx.o(i.TIM4_IRQHandler) for TIM4_IRQHandler
    startup_stm32f40_41xxx.o(RESET) refers to usart.o(i.USART1_IRQHandler) for USART1_IRQHandler
    startup_stm32f40_41xxx.o(RESET) refers to wifi.o(i.USART2_IRQHandler) for USART2_IRQHandler
    startup_stm32f40_41xxx.o(RESET) refers to nvic.o(i.EXTI15_10_IRQHandler) for EXTI15_10_IRQHandler
    startup_stm32f40_41xxx.o(RESET) refers to timx.o(i.TIM6_DAC_IRQHandler) for TIM6_DAC_IRQHandler
    startup_stm32f40_41xxx.o(.text) refers to system_stm32f4xx.o(i.SystemInit) for SystemInit
    startup_stm32f40_41xxx.o(.text) refers to entry.o(.ARM.Collect$$$$00000000) for __main
    main.o(i.fun_init) refers to stm32f4xx_rcc.o(i.RCC_AHB1PeriphClockCmd) for RCC_AHB1PeriphClockCmd
    main.o(i.fun_init) refers to stm32f4xx_gpio.o(i.GPIO_Init) for GPIO_Init
    main.o(i.main) refers to main.o(i.main_init) for main_init
    main.o(i.main) refers to oled.o(i.printf_oled_kaiji) for printf_oled_kaiji
    main.o(i.main) refers to adc.o(i.getadcaverage1) for getadcaverage1
    main.o(i.main) refers to dht11.o(i.DHT11_WORK) for DHT11_WORK
    main.o(i.main) refers to oled.o(i.printf_oled) for printf_oled
    main.o(i.main) refers to stm32f4xx_gpio.o(i.GPIO_ToggleBits) for GPIO_ToggleBits
    main.o(i.main) refers to beep.o(i.beep_out) for beep_out
    main.o(i.main) refers to delay.o(i.delay_ms) for delay_ms
    main.o(i.main) refers to beep.o(i.beep_stop) for beep_stop
    main.o(i.main) refers to iic.o(i.IIC_AT24C02_write_data) for IIC_AT24C02_write_data
    main.o(i.main) refers to spi.o(i.W25Q128_PageProgram) for W25Q128_PageProgram
    main.o(i.main) refers to oled.o(i.printf_oled_guanji) for printf_oled_guanji
    main.o(i.main) refers to main.o(.data) for kaiji_flag
    main.o(i.main_init) refers to delay.o(i.delay_init) for delay_init
    main.o(i.main_init) refers to beep.o(i.beep_init) for beep_init
    main.o(i.main_init) refers to led.o(i.led_init) for led_init
    main.o(i.main_init) refers to key.o(i.key_init) for key_init
    main.o(i.main_init) refers to main.o(i.fun_init) for fun_init
    main.o(i.main_init) refers to nvic.o(i.NVIC_init) for NVIC_init
    main.o(i.main_init) refers to nvic.o(i.exti_1234key_init) for exti_1234key_init
    main.o(i.main_init) refers to usart.o(i.usart1_init) for usart1_init
    main.o(i.main_init) refers to wifi.o(i.usart2_init) for usart2_init
    main.o(i.main_init) refers to nvic.o(i.NVIC_usart1_init) for NVIC_usart1_init
    main.o(i.main_init) refers to nvic.o(i.NVIC_usart2_init) for NVIC_usart2_init
    main.o(i.main_init) refers to dht11.o(i.det11_init) for det11_init
    main.o(i.main_init) refers to adc.o(i.adc_init) for adc_init
    main.o(i.main_init) refers to wifi.o(i.wifi_firstcmd) for wifi_firstcmd
    main.o(i.main_init) refers to iic.o(i.iic_init) for iic_init
    main.o(i.main_init) refers to spi.o(i.spi_init) for spi_init
    delay.o(i.delay_init) refers to misc.o(i.SysTick_CLKSourceConfig) for SysTick_CLKSourceConfig
    delay.o(i.delay_init) refers to delay.o(.data) for fac_us
    delay.o(i.delay_ms) refers to delay.o(i.delay_xms) for delay_xms
    delay.o(i.delay_us) refers to delay.o(.data) for fac_us
    delay.o(i.delay_xms) refers to delay.o(.data) for fac_ms
    beep.o(i.beep_init) refers to stm32f4xx_rcc.o(i.RCC_AHB1PeriphClockCmd) for RCC_AHB1PeriphClockCmd
    beep.o(i.beep_init) refers to stm32f4xx_gpio.o(i.GPIO_Init) for GPIO_Init
[...]
    Removing stm32f4xx_i2c.o(i.I2C_StretchClockCmd), (24 bytes).
    Removing stm32f4xx_i2c.o(i.I2C_StructInit), (30 bytes).
    Removing stm32f4xx_i2c.o(i.I2C_TransmitPEC), (24 bytes).

335 unused section(s) (total 10398 bytes) removed from the image.

==============================================================================

Image Symbol Table

    Local Symbols

    Symbol Name                              Value     Ov Type        Size  Object(Section)

    ../clib/../cmprslib/zerorunl2.c          0x00000000   Number         0  __dczerorl2.o ABSOLUTE
    ../clib/microlib/division.c              0x00000000   Number         0  uidiv.o ABSOLUTE
    ../clib/microlib/division.c              0x00000000   Number         0  uldiv.o ABSOLUTE
    ../clib/microlib/init/entry.s            0x00000000   Number         0  entry.o ABSOLUTE
    ../clib/microlib/init/entry.s            0x00000000   Number         0  entry2.o ABSOLUTE
    ../clib/microlib/init/entry.s            0x00000000   Number         0  entry5.o ABSOLUTE
    ../clib/microlib/init/entry.s            0x00000000   Number         0  entry7a.o ABSOLUTE
    ../clib/microlib/init/entry.s            0x00000000   Number         0  entry7b.o ABSOLUTE
    ../clib/microlib/init/entry.s            0x00000000   Number         0  entry8a.o ABSOLUTE
    ../clib/microlib/init/entry.s            0x00000000   Number         0  entry8b.o ABSOLUTE
    ../clib/microlib/init/entry.s            0x00000000   Number         0  entry9a.o ABSOLUTE
    ../clib/microlib/init/entry.s            0x00000000   Number         0  entry9b.o ABSOLUTE
    ../clib/microlib/init/entry.s            0x00000000   Number         0  entry10a.o ABSOLUTE
    ../clib/microlib/init/entry.s            0x00000000   Number         0  entry10b.o ABSOLUTE
    ../clib/microlib/init/entry.s            0x00000000   Number         0  entry11a.o ABSOLUTE
    ../clib/microlib/init/entry.s            0x00000000   Number         0  entry11b.o ABSOLUTE
    ../clib/microlib/longlong.c              0x00000000   Number         0  llushr.o ABSOLUTE
    ../clib/microlib/longlong.c              0x00000000   Number         0  llsshr.o ABSOLUTE
    ../clib/microlib/longlong.c              0x00000000   Number         0  llshl.o ABSOLUTE
    ../clib/microlib/printf/printf.c         0x00000000   Number         0  printf4.o ABSOLUTE
    ../clib/microlib/printf/printf.c         0x00000000   Number         0  printf6.o ABSOLUTE
    ../clib/microlib/printf/printf.c         0x00000000   Number         0  printf0.o ABSOLUTE
    ../clib/microlib/printf/printf.c         0x00000000   Number         0  printf3.o ABSOLUTE
    ../clib/microlib/printf/printf.c         0x00000000   Number         0  printfb.o ABSOLUTE
    ../clib/microlib/printf/printf.c         0x00000000   Number         0  printf5.o ABSOLUTE
    ../clib/microlib/printf/printf.c         0x00000000   Number         0  printf2.o ABSOLUTE
    ../clib/microlib/printf/printf.c         0x00000000   Number         0  printfa.o ABSOLUTE
    ../clib/microlib/printf/printf.c         0x00000000   Number         0  printf8.o ABSOLUTE
    ../clib/microlib/printf/printf.c         0x00000000   Number         0  printf1.o ABSOLUTE
    ../clib/microlib/printf/printf.c         0x00000000   Number         0  printf7.o ABSOLUTE
    ../clib/microlib/printf/stubs.s          0x00000000   Number         0  stubs.o ABSOLUTE
    ../clib/microlib/stdio/streams.c         0x00000000   Number         0  stdout.o ABSOLUTE
    ../clib/microlib/string/memcpy.c         0x00000000   Number         0  memcpyb.o ABSOLUTE
    ../clib/microlib/string/memcpy.c         0x00000000   Number         0  memcpya.o ABSOLUTE
    ../clib/microlib/string/memset.c         0x00000000   Number         0  memseta.o ABSOLUTE
    ../clib/microlib/string/strlen.c         0x00000000   Number         0  strlen.o ABSOLUTE
    ../clib/microlib/string/strstr.c         0x00000000   Number         0  strstr.o ABSOLUTE
    ../clib/microlib/stubs.s                 0x00000000   Number         0  iusefp.o ABSOLUTE
    ../fplib/microlib/d2f.c                  0x00000000   Number         0  d2f.o ABSOLUTE
    ../fplib/microlib/f2d.c                  0x00000000   Number         0  f2d.o ABSOLUTE
    ../fplib/microlib/fpadd.c                0x00000000   Number         0  dadd.o ABSOLUTE
    ../fplib/microlib/fpdiv.c                0x00000000   Number         0  ddiv.o ABSOLUTE
    ../fplib/microlib/fpepilogue.c           0x00000000   Number         0  fepilogue.o ABSOLUTE
    ../fplib/microlib/fpepilogue.c           0x00000000   Number         0  depilogue.o ABSOLUTE
    ../fplib/microlib/fpfix.c                0x00000000   Number         0  dfixul.o ABSOLUTE
    ../fplib/microlib/fpflt.c                0x00000000   Number         0  dfltui.o ABSOLUTE
    ../fplib/microlib/fpmul.c                0x00000000   Number         0  dmul.o ABSOLUTE
    ..\CMSIS\startup_stm32f40_41xxx.s        0x00000000   Number         0  startup_stm32f40_41xxx.o ABSOLUTE
    ..\DEVICE_LIB\src\misc.c                 0x00000000   Number         0  misc.o ABSOLUTE
    ..\DEVICE_LIB\src\stm32f4xx_adc.c        0x00000000   Number         0  stm32f4xx_adc.o ABSOLUTE
    ..\DEVICE_LIB\src\stm32f4xx_exti.c       0x00000000   Number         0  stm32f4xx_exti.o ABSOLUTE
    ..\DEVICE_LIB\src\stm32f4xx_gpio.c       0x00000000   Number         0  stm32f4xx_gpio.o ABSOLUTE
    ..\DEVICE_LIB\src\stm32f4xx_i2c.c        0x00000000   Number         0  stm32f4xx_i2c.o ABSOLUTE
    ..\DEVICE_LIB\src\stm32f4xx_rcc.c        0x00000000   Number         0  stm32f4xx_rcc.o ABSOLUTE
    ..\DEVICE_LIB\src\stm32f4xx_spi.c        0x00000000   Number         0  stm32f4xx_spi.o ABSOLUTE
    ..\DEVICE_LIB\src\stm32f4xx_syscfg.c     0x00000000   Number         0  stm32f4xx_syscfg.o ABSOLUTE
    ..\DEVICE_LIB\src\stm32f4xx_tim.c        0x00000000   Number         0  stm32f4xx_tim.o ABSOLUTE
    ..\DEVICE_LIB\src\stm32f4xx_usart.c      0x00000000   Number         0  stm32f4xx_usart.o ABSOLUTE
    ..\SYSTEM\delay\delay.c                  0x00000000   Number         0  delay.o ABSOLUTE
    ..\SYSTEM\sys\sys.c                      0x00000000   Number         0  sys.o ABSOLUTE
    ..\SYSTEM\system_stm32f4xx.c             0x00000000   Number         0  system_stm32f4xx.o ABSOLUTE
    ..\\DEVICE_LIB\\src\\misc.c              0x00000000   Number         0  misc.o ABSOLUTE
    ..\\DEVICE_LIB\\src\\stm32f4xx_adc.c     0x00000000   Number         0  stm32f4xx_adc.o ABSOLUTE
    ..\\DEVICE_LIB\\src\\stm32f4xx_exti.c    0x00000000   Number         0  stm32f4xx_exti.o ABSOLUTE
    ..\\DEVICE_LIB\\src\\stm32f4xx_gpio.c    0x00000000   Number         0  stm32f4xx_gpio.o ABSOLUTE
    ..\\DEVICE_LIB\\src\\stm32f4xx_i2c.c     0x00000000   Number         0  stm32f4xx_i2c.o ABSOLUTE
    ..\\DEVICE_LIB\\src\\stm32f4xx_rcc.c     0x00000000   Number         0  stm32f4xx_rcc.o ABSOLUTE
    ..\\DEVICE_LIB\\src\\stm32f4xx_spi.c     0x00000000   Number         0  stm32f4xx_spi.o ABSOLUTE
    ..\\DEVICE_LIB\\src\\stm32f4xx_syscfg.c  0x00000000   Number         0  stm32f4xx_syscfg.o ABSOLUTE
    ..\\DEVICE_LIB\\src\\stm32f4xx_tim.c     0x00000000   Number         0  stm32f4xx_tim.o ABSOLUTE
    ..\\DEVICE_LIB\\src\\stm32f4xx_usart.c   0x00000000   Number         0  stm32f4xx_usart.o ABSOLUTE
    ..\\SYSTEM\\delay\\delay.c               0x00000000   Number         0  delay.o ABSOLUTE
    ..\\SYSTEM\\sys\\sys.c                   0x00000000   Number         0  sys.o ABSOLUTE
    ..\\SYSTEM\\system_stm32f4xx.c           0x00000000   Number         0  system_stm32f4xx.o ABSOLUTE
    adc.c                                    0x00000000   Number         0  adc.o ABSOLUTE
    adc.c                                    0x00000000   Number         0  adc.o ABSOLUTE
    beep.c                                   0x00000000   Number         0  beep.o ABSOLUTE
    beep.c                                   0x00000000   Number         0  beep.o ABSOLUTE
    cdrcmple.s                               0x00000000   Number         0  cdrcmple.o ABSOLUTE
    dc.s                                     0x00000000   Number         0  dc.o ABSOLUTE
    dht11.c                                  0x00000000   Number         0  dht11.o ABSOLUTE
    dht11.c                                  0x00000000   Number         0  dht11.o ABSOLUTE
    handlers.s                               0x00000000   Number         0  handlers.o ABSOLUTE
    iic.c                                    0x00000000   Number         0  iic.o ABSOLUTE
    iic.c                                    0x00000000   Number         0  iic.o ABSOLUTE
    init.s                                   0x00000000   Number         0  init.o ABSOLUTE
    key.c                                    0x00000000   Number         0  key.o ABSOLUTE
    key.c                                    0x00000000   Number         0  key.o ABSOLUTE
    led.c                                    0x00000000   Number         0  led.o ABSOLUTE
    led.c                                    0x00000000   Number         0  led.o ABSOLUTE
    main.c                                   0x00000000   Number         0  main.o ABSOLUTE
    main.c                                   0x00000000   Number         0  main.o ABSOLUTE
    nvic.c                                   0x00000000   Number         0  nvic.o ABSOLUTE
    nvic.c                                   0x00000000   Number         0  nvic.o ABSOLUTE
    oled.c                                   0x00000000   Number         0  oled.o ABSOLUTE
    oled.c                                   0x00000000   Number         0  oled.o ABSOLUTE
    pwm.c                                    0x00000000   Number         0  pwm.o ABSOLUTE
    pwm.c                                    0x00000000   Number         0  pwm.o ABSOLUTE
    spi.c                                    0x00000000   Number         0  spi.o ABSOLUTE
    spi.c                                    0x00000000   Number         0  spi.o ABSOLUTE
    stm32f4xx_it.c                           0x00000000   Number         0  stm32f4xx_it.o ABSOLUTE
    stm32f4xx_it.c                           0x00000000   Number         0  stm32f4xx_it.o ABSOLUTE
    systick.c                                0x00000000   Number         0  systick.o ABSOLUTE
    systick.c                                0x00000000   Number         0  systick.o ABSOLUTE
    timx.c                                   0x00000000   Number         0  timx.o ABSOLUTE
    timx.c                                   0x00000000   Number         0  timx.o ABSOLUTE
    usart.c                                  0x00000000   Number         0  usart.o ABSOLUTE
    usart.c                                  0x00000000   Number         0  usart.o ABSOLUTE
    wifi.c                                   0x00000000   Number         0  wifi.o ABSOLUTE
    wifi.c                                   0x00000000   Number         0  wifi.o ABSOLUTE
    RESET                                    0x08000000   Section      392  startup_stm32f40_41xxx.o(RESET)
    .ARM.Collect$$$$00000000                 0x08000188   Section        0  entry.o(.ARM.Collect$$$$00000000)
    .ARM.Collect$$$$00000001                 0x08000188   Section        4  entry2.o(.ARM.Collect$$$$00000001)
    .ARM.Collect$$$$00000004                 0x0800018c   Section        4  entry5.o(.ARM.Collect$$$$00000004)
    .ARM.Collect$$$$00000008                 0x08000190   Section        0  entry7b.o(.ARM.Collect$$$$00000008)
    .ARM.Collect$$$$0000000A                 0x08000190   Section        0  entry8b.o(.ARM.Collect$$$$0000000A)
    .ARM.Collect$$$$0000000B                 0x08000190   Section        8  entry9a.o(.ARM.Collect$$$$0000000B)
    .ARM.Collect$$$$0000000D                 0x08000198   Section        0  entry10a.o(.ARM.Collect$$$$0000000D)
    .ARM.Collect$$$$0000000F                 0x08000198   Section        0  entry11a.o(.ARM.Collect$$$$0000000F)
    .ARM.Collect$$$$00002712                 0x08000198   Section        4  entry2.o(.ARM.Collect$$$$00002712)
    __lit__00000000                          0x08000198   Data           4  entry2.o(.ARM.Collect$$$$00002712)
    .text                                    0x0800019c   Section       36  startup_stm32f40_41xxx.o(.text)
    $v0                                      0x0800019c   Number         0  startup_stm32f40_41xxx.o(.text)
    .text                                    0x080001c0   Section        0  memcpya.o(.text)
    .text                                    0x080001e4   Section        0  memseta.o(.text)
    .text                                    0x08000208   Section        0  strstr.o(.text)
    .text                                    0x0800022c   Section        0  strlen.o(.text)
    .text                                    0x0800023a   Section        0  dmul.o(.text)
    .text                                    0x0800031e   Section        0  ddiv.o(.text)
    .text                                    0x080003fc   Section        0  dfltui.o(.text)
    .text                                    0x08000416   Section        0  f2d.o(.text)
    .text                                    0x0800043c   Section        0  d2f.o(.text)
    .text                                    0x08000474   Section        0  uidiv.o(.text)
    .text                                    0x080004a0   Section        0  uldiv.o(.text)
    .text                                    0x08000502   Section        0  iusefp.o(.text)
    .text                                    0x08000502   Section        0  fepilogue.o(.text)
    .text                                    0x08000570   Section        0  depilogue.o(.text)
    .text                                    0x0800062a   Section        0  dadd.o(.text)
    .text                                    0x08000778   Section        0  dfixul.o(.text)
    .text                                    0x080007a8   Section       48  cdrcmple.o(.text)
    .text                                    0x080007d8   Section       36  init.o(.text)
    .text                                    0x080007fc   Section        0  llshl.o(.text)
    .text                                    0x0800081a   Section        0  llushr.o(.text)
    .text                                    0x0800083a   Section        0  llsshr.o(.text)
    .text                                    0x0800085e   Section        0  __dczerorl2.o(.text)
    i.ADC_Cmd                                0x080008b4   Section        0  stm32f4xx_adc.o(i.ADC_Cmd)
    i.ADC_CommonInit                         0x080008cc   Section        0  stm32f4xx_adc.o(i.ADC_CommonInit)
    i.ADC_GetConversionValue                 0x080008fc   Section        0  stm32f4xx_adc.o(i.ADC_GetConversionValue)
    i.ADC_GetFlagStatus                      0x08000904   Section        0  stm32f4xx_adc.o(i.ADC_GetFlagStatus)
    i.ADC_Init                               0x08000918   Section        0  stm32f4xx_adc.o(i.ADC_Init)
    i.ADC_RegularChannelConfig               0x0800096c   Section        0  stm32f4xx_adc.o(i.ADC_RegularChannelConfig)
    i.ADC_SoftwareStartConv                  0x08000a24   Section        0  stm32f4xx_adc.o(i.ADC_SoftwareStartConv)
    i.BusFault_Handler                       0x08000a2e   Section        0  stm32f4xx_it.o(i.BusFault_Handler)
    i.DHT11_InMode                           0x08000a34   Section        0  dht11.o(i.DHT11_InMode)
    i.DHT11_WORK                             0x08000a5c   Section        0  dht11.o(i.DHT11_WORK)
    i.DHT11_outMode                          0x08000ab4   Section        0  dht11.o(i.DHT11_outMode)
    i.DebugMon_Handler                       0x08000ae8   Section        0  stm32f4xx_it.o(i.DebugMon_Handler)
    i.EXTI15_10_IRQHandler                   0x08000aea   Section        0  nvic.o(i.EXTI15_10_IRQHandler)
    i.EXTI4_IRQHandler                       0x08000aec   Section        0  nvic.o(i.EXTI4_IRQHandler)
    i.EXTI9_5_IRQHandler                     0x08000b08   Section        0  nvic.o(i.EXTI9_5_IRQHandler)
    i.EXTI_ClearITPendingBit                 0x08000b50   Section        0  stm32f4xx_exti.o(i.EXTI_ClearITPendingBit)
    i.EXTI_GetITStatus                       0x08000b5c   Section        0  stm32f4xx_exti.o(i.EXTI_GetITStatus)
    i.EXTI_Init                              0x08000b74   Section        0  stm32f4xx_exti.o(i.EXTI_Init)
    i.GPIO_Init                              0x08000c08   Section        0  stm32f4xx_gpio.o(i.GPIO_Init)
    i.GPIO_PinAFConfig                       0x08000c98   Section        0  stm32f4xx_gpio.o(i.GPIO_PinAFConfig)
    i.GPIO_ReadInputDataBit                  0x08000cde   Section        0  stm32f4xx_gpio.o(i.GPIO_ReadInputDataBit)
    i.GPIO_ResetBits                         0x08000cf0   Section        0  stm32f4xx_gpio.o(i.GPIO_ResetBits)
    i.GPIO_SetBits                           0x08000cf4   Section        0  stm32f4xx_gpio.o(i.GPIO_SetBits)
    i.GPIO_ToggleBits                        0x08000cf8   Section        0  stm32f4xx_gpio.o(i.GPIO_ToggleBits)
    i.GPIO_WriteBit                          0x08000d00   Section        0  stm32f4xx_gpio.o(i.GPIO_WriteBit)
    i.HardFault_Handler                      0x08000d0a   Section        0  stm32f4xx_it.o(i.HardFault_Handler)
    i.IIC_AT24C02_write_data                 0x08000d10   Section        0  iic.o(i.IIC_AT24C02_write_data)
    i.IIC_get_Ask                            0x08000dac   Section        0  iic.o(i.IIC_get_Ask)
    i.IIC_send_Byte                          0x08000dec   Section        0  iic.o(i.IIC_send_Byte)
    i.InitOLed                               0x08000e58   Section        0  oled.o(i.InitOLed)
    i.MemManage_Handler                      0x08000f0a   Section        0  stm32f4xx_it.o(i.MemManage_Handler)
    i.NMI_Handler                            0x08000f0e   Section        0  stm32f4xx_it.o(i.NMI_Handler)
    i.NVIC_Init                              0x08000f10   Section        0  misc.o(i.NVIC_Init)
    i.NVIC_PriorityGroupConfig               0x08000f88   Section        0  misc.o(i.NVIC_PriorityGroupConfig)
    i.NVIC_init                              0x08000f9c   Section        0  nvic.o(i.NVIC_init)
    i.NVIC_usart1_init                       0x08001000   Section        0  nvic.o(i.NVIC_usart1_init)
    i.NVIC_usart2_init                       0x08001028   Section        0  nvic.o(i.NVIC_usart2_init)
    i.OLed_Fill                              0x08001050   Section        0  oled.o(i.OLed_Fill)
    i.OLed_SetPos                            0x0800108a   Section        0  oled.o(i.OLed_SetPos)
    i.OLed_ShowChina                         0x080010ae   Section        0  oled.o(i.OLed_ShowChina)
    i.Oled_print                             0x080010f8   Section        0  oled.o(i.Oled_print)
    i.PendSV_Handler                         0x0800116c   Section        0  stm32f4xx_it.o(i.PendSV_Handler)
    i.RCC_AHB1PeriphClockCmd                 0x08001170   Section        0  stm32f4xx_rcc.o(i.RCC_AHB1PeriphClockCmd)
    i.RCC_APB1PeriphClockCmd                 0x08001190   Section        0  stm32f4xx_rcc.o(i.RCC_APB1PeriphClockCmd)
    i.RCC_APB1PeriphResetCmd                 0x080011b0   Section        0  stm32f4xx_rcc.o(i.RCC_APB1PeriphResetCmd)
    i.RCC_APB2PeriphClockCmd                 0x080011d0   Section        0  stm32f4xx_rcc.o(i.RCC_APB2PeriphClockCmd)
    i.RCC_APB2PeriphResetCmd                 0x080011f0   Section        0  stm32f4xx_rcc.o(i.RCC_APB2PeriphResetCmd)
    i.RCC_GetClocksFreq                      0x08001210   Section        0  stm32f4xx_rcc.o(i.RCC_GetClocksFreq)
    i.Read_Bit                               0x080012f8   Section        0  dht11.o(i.Read_Bit)
    i.Read_Byte                              0x08001338   Section        0  dht11.o(i.Read_Byte)
    i.SDA_in                                 0x08001354   Section        0  iic.o(i.SDA_in)
    i.SDA_out                                0x08001384   Section        0  iic.o(i.SDA_out)
    i.SPI_Cmd                                0x080013b0   Section        0  stm32f4xx_spi.o(i.SPI_Cmd)
    i.SPI_I2S_GetFlagStatus                  0x080013c8   Section        0  stm32f4xx_spi.o(i.SPI_I2S_GetFlagStatus)
    i.SPI_I2S_ReceiveData                    0x080013da   Section        0  stm32f4xx_spi.o(i.SPI_I2S_ReceiveData)
    i.SPI_I2S_SendData                       0x080013e0   Section        0  stm32f4xx_spi.o(i.SPI_I2S_SendData)
    i.SPI_Init                               0x080013e4   Section        0  stm32f4xx_spi.o(i.SPI_Init)
    i.SVC_Handler                            0x08001420   Section        0  stm32f4xx_it.o(i.SVC_Handler)
    i.SYSCFG_EXTILineConfig                  0x08001424   Section        0  stm32f4xx_syscfg.o(i.SYSCFG_EXTILineConfig)
    i.SetSysClock                            0x08001464   Section        0  system_stm32f4xx.o(i.SetSysClock)
    SetSysClock                              0x08001465   Thumb Code   220  system_stm32f4xx.o(i.SetSysClock)
    i.Start_ask                              0x08001550   Section        0  dht11.o(i.Start_ask)
    i.SysTick_CLKSourceConfig                0x080015e4   Section        0  misc.o(i.SysTick_CLKSourceConfig)
    i.SysTick_Handler                        0x0800160c   Section        0  systick.o(i.SysTick_Handler)
    i.SystemInit                             0x08001624   Section        0  system_stm32f4xx.o(i.SystemInit)
    i.TIM4_IRQHandler                        0x0800168c   Section        0  timx.o(i.TIM4_IRQHandler)
    i.TIM6_DAC_IRQHandler                    0x080016a4   Section        0  timx.o(i.TIM6_DAC_IRQHandler)
    i.TIM_ARRPreloadConfig                   0x080016cc   Section        0  stm32f4xx_tim.o(i.TIM_ARRPreloadConfig)
    i.TIM_ClearITPendingBit                  0x080016e4   Section        0  stm32f4xx_tim.o(i.TIM_ClearITPendingBit)
    i.TIM_Cmd                                0x080016ea   Section        0  stm32f4xx_tim.o(i.TIM_Cmd)
    i.TIM_CtrlPWMOutputs                     0x08001702   Section        0  stm32f4xx_tim.o(i.TIM_CtrlPWMOutputs)
    i.TIM_DeInit                             0x08001720   Section        0  stm32f4xx_tim.o(i.TIM_DeInit)
    i.TIM_GetITStatus                        0x080018b0   Section        0  stm32f4xx_tim.o(i.TIM_GetITStatus)
    i.TIM_OC1Init                            0x080018d4   Section        0  stm32f4xx_tim.o(i.TIM_OC1Init)
    i.TIM_OC3Init                            0x08001950   Section        0  stm32f4xx_tim.o(i.TIM_OC3Init)
    i.TIM_OC3PreloadConfig                   0x080019f0   Section        0  stm32f4xx_tim.o(i.TIM_OC3PreloadConfig)
    i.TIM_SetCompare1                        0x08001a02   Section        0  stm32f4xx_tim.o(i.TIM_SetCompare1)
    i.TIM_SetCompare3                        0x08001a06   Section        0  stm32f4xx_tim.o(i.TIM_SetCompare3)
    i.TIM_TimeBaseInit                       0x08001a0c   Section        0  stm32f4xx_tim.o(i.TIM_TimeBaseInit)
    i.USART1_IRQHandler                      0x08001a90   Section        0  usart.o(i.USART1_IRQHandler)
    i.USART2_IRQHandler                      0x08001b7c   Section        0  wifi.o(i.USART2_IRQHandler)
    i.USART_ClearITPendingBit                0x08001c8c   Section        0  stm32f4xx_usart.o(i.USART_ClearITPendingBit)
    i.USART_Cmd                              0x08001caa   Section        0  stm32f4xx_usart.o(i.USART_Cmd)
    i.USART_GetFlagStatus                    0x08001cc2   Section        0  stm32f4xx_usart.o(i.USART_GetFlagStatus)
    i.USART_GetITStatus                      0x08001cdc   Section        0  stm32f4xx_usart.o(i.USART_GetITStatus)
    i.USART_ITConfig                         0x08001d30   Section        0  stm32f4xx_usart.o(i.USART_ITConfig)
    i.USART_Init                             0x08001d7c   Section        0  stm32f4xx_usart.o(i.USART_Init)
    i.USART_ReceiveData                      0x08001e50   Section        0  stm32f4xx_usart.o(i.USART_ReceiveData)
    i.USART_SendData                         0x08001e5a   Section        0  stm32f4xx_usart.o(i.USART_SendData)
    i.UsageFault_Handler                     0x08001e62   Section        0  stm32f4xx_it.o(i.UsageFault_Handler)
    i.W25Q128_PageProgram                    0x08001e68   Section        0  spi.o(i.W25Q128_PageProgram)
    i.W25Q128_ReadStatusRegister1            0x08001ed0   Section        0  spi.o(i.W25Q128_ReadStatusRegister1)
    i.W25Q128_WriteDisable                   0x08001efc   Section        0  spi.o(i.W25Q128_WriteDisable)
    i.W25Q128_WriteEnable                    0x08001f1c   Section        0  spi.o(i.W25Q128_WriteEnable)
    i.WriteOLedCmd                           0x08001f3c   Section        0  oled.o(i.WriteOLedCmd)
    i.WriteOLedData                          0x08001f6a   Section        0  oled.o(i.WriteOLedData)
    i.__0printf                              0x08001f9c   Section        0  printfa.o(i.__0printf)
    i.__0sprintf                             0x08001fbc   Section        0  printfa.o(i.__0sprintf)
    i.__scatterload_copy                     0x08001fe4   Section       14  handlers.o(i.__scatterload_copy)
    i.__scatterload_null                     0x08001ff2   Section        2  handlers.o(i.__scatterload_null)
    i.__scatterload_zeroinit                 0x08001ff4   Section       14  handlers.o(i.__scatterload_zeroinit)
    i._fp_digits                             0x08002004   Section        0  printfa.o(i._fp_digits)
    _fp_digits                               0x08002005   Thumb Code   334  printfa.o(i._fp_digits)
    i._printf_core                           0x08002168   Section        0  printfa.o(i._printf_core)
    _printf_core                             0x08002169   Thumb Code  1744  printfa.o(i._printf_core)
    i._printf_post_padding                   0x08002844   Section        0  printfa.o(i._printf_post_padding)
    _printf_post_padding                     0x08002845   Thumb Code    36  printfa.o(i._printf_post_padding)
    i._printf_pre_padding                    0x08002868   Section        0  printfa.o(i._printf_pre_padding)
    _printf_pre_padding                      0x08002869   Thumb Code    46  printfa.o(i._printf_pre_padding)
    i._sputc                                 0x08002896   Section        0  printfa.o(i._sputc)
    _sputc                                   0x08002897   Thumb Code    10  printfa.o(i._sputc)
    i.adc_init                               0x080028a0   Section        0  adc.o(i.adc_init)
    i.beep_didu                              0x08002918   Section        0  pwm.o(i.beep_didu)
    i.beep_init                              0x08002974   Section        0  beep.o(i.beep_init)
    i.beep_out                               0x080029a4   Section        0  beep.o(i.beep_out)
    i.beep_stop                              0x080029b8   Section        0  beep.o(i.beep_stop)
    i.delay_init                             0x080029cc   Section        0  delay.o(i.delay_init)
    i.delay_ms                               0x08002a08   Section        0  delay.o(i.delay_ms)
    i.delay_us                               0x08002a40   Section        0  delay.o(i.delay_us)
    i.delay_xms                              0x08002a8c   Section        0  delay.o(i.delay_xms)
    i.det11_init                             0x08002ad8   Section        0  dht11.o(i.det11_init)
    i.exti_1234key_init                      0x08002b14   Section        0  nvic.o(i.exti_1234key_init)
    i.fputc                                  0x08002b90   Section        0  usart.o(i.fputc)
    i.fun_init                               0x08002bb8   Section        0  main.o(i.fun_init)
    i.get_adc_val                            0x08002bf0   Section        0  adc.o(i.get_adc_val)
    i.getadcaverage1                         0x08002c20   Section        0  adc.o(i.getadcaverage1)
    i.iic_init                               0x08002c48   Section        0  iic.o(i.iic_init)
    i.key_init                               0x08002c74   Section        0  key.o(i.key_init)
    i.led_3                                  0x08002ca4   Section        0  led.o(i.led_3)
    i.led_allclose                           0x08002cb8   Section        0  led.o(i.led_allclose)
    i.led_alllight                           0x08002ccc   Section        0  led.o(i.led_alllight)
    i.led_breathe                            0x08002ce0   Section        0  pwm.o(i.led_breathe)
    i.led_init                               0x08002d3c   Section        0  led.o(i.led_init)
    i.main                                   0x08002d78   Section        0  main.o(i.main)
    i.main_init                              0x08002ea4   Section        0  main.o(i.main_init)
    i.printf_oled                            0x08002eec   Section        0  oled.o(i.printf_oled)
    i.printf_oled_guanji                     0x08003070   Section        0  oled.o(i.printf_oled_guanji)
    i.printf_oled_kaiji                      0x080030c0   Section        0  oled.o(i.printf_oled_kaiji)
    i.pwm_beep                               0x08003110   Section        0  pwm.o(i.pwm_beep)
    i.pwm_led                                0x080031a8   Section        0  pwm.o(i.pwm_led)
    i.spi_init                               0x08003250   Section        0  spi.o(i.spi_init)
    i.start_signal                           0x08003314   Section        0  iic.o(i.start_signal)
    i.stop_signal                            0x0800334c   Section        0  iic.o(i.stop_signal)
    i.usart1_init                            0x08003384   Section        0  usart.o(i.usart1_init)
    i.usart2_init                            0x0800341c   Section        0  wifi.o(i.usart2_init)
    i.w25q128_spi_read_write                 0x080034ac   Section        0  spi.o(i.w25q128_spi_read_write)
    i.wifi_firstcmd                          0x080034e0   Section        0  wifi.o(i.wifi_firstcmd)
    i.wifi_send                              0x08003524   Section        0  wifi.o(i.wifi_send)
    .constdata                               0x08003558   Section     1520  oled.o(.constdata)
    .constdata                               0x08003b48   Section       60  wifi.o(.constdata)
    .conststring                             0x08003b84   Section      273  wifi.o(.conststring)
    .data                                    0x20000000   Section       24  main.o(.data)
    .data                                    0x20000018   Section        4  delay.o(.data)
    fac_us                                   0x20000018   Data           1  delay.o(.data)
    fac_ms                                   0x2000001a   Data           2  delay.o(.data)
    .data                                    0x2000001c   Section        8  beep.o(.data)
    .data                                    0x20000024   Section        8  led.o(.data)
    .data                                    0x2000002c   Section        4  systick.o(.data)
    .data                                    0x20000030   Section        4  usart.o(.data)
    .data                                    0x20000034   Section        5  dht11.o(.data)
    .data                                    0x2000003c   Section      612  oled.o(.data)
    .data                                    0x200002a0   Section        4  wifi.o(.data)
    .data                                    0x200002a4   Section       16  stm32f4xx_rcc.o(.data)
    APBAHBPrescTable                         0x200002a4   Data          16  stm32f4xx_rcc.o(.data)
    .data                                    0x200002b4   Section        4  stdout.o(.data)
    .bss                                     0x200002b8   Section     1024  usart.o(.bss)
    .bss                                     0x200006b8   Section     1024  wifi.o(.bss)
    STACK                                    0x20000ab8   Section     1024  startup_stm32f40_41xxx.o(STACK)

    Global Symbols

    Symbol Name                              Value     Ov Type        Size  Object(Section)

    BuildAttributes$$THM_ISAv4$E$P$D$K$B$S$7EM$VFPi3$EXTD16$VFPS$VFMA$PE$A:L22UL41UL21$X:L11$S22US41US21$IEEE1$IW$USESV6$~STKCKD$USESV7$~SHL$OTIME$ROPI$EBA8$MICROLIB$REQ8$PRES8$EABIv2 0x00000000   Number         0  anon$$obj.o ABSOLUTE
    __ARM_use_no_argv                        0x00000000   Number         0  main.o ABSOLUTE
    _printf_a                                0x00000000   Number         0  stubs.o ABSOLUTE
    _printf_c                                0x00000000   Number         0  stubs.o ABSOLUTE
    _printf_charcount                        0x00000000   Number         0  stubs.o ABSOLUTE
    _printf_d                                0x00000000   Number         0  stubs.o ABSOLUTE
    _printf_e                                0x00000000   Number         0  stubs.o ABSOLUTE
    _printf_f                                0x00000000   Number         0  stubs.o ABSOLUTE
    _printf_flags                            0x00000000   Number         0  stubs.o ABSOLUTE
    _printf_fp_dec                           0x00000000   Number         0  stubs.o ABSOLUTE
    _printf_fp_hex                           0x00000000   Number         0  stubs.o ABSOLUTE
    _printf_g                                0x00000000   Number         0  stubs.o ABSOLUTE
    _printf_i                                0x00000000   Number         0  stubs.o ABSOLUTE
    _printf_int_dec                          0x00000000   Number         0  stubs.o ABSOLUTE
    _printf_l                                0x00000000   Number         0  stubs.o ABSOLUTE
    _printf_lc                               0x00000000   Number         0  stubs.o ABSOLUTE
    _printf_ll                               0x00000000   Number         0  stubs.o ABSOLUTE
    _printf_lld                              0x00000000   Number         0  stubs.o ABSOLUTE
    _printf_lli                              0x00000000   Number         0  stubs.o ABSOLUTE
    _printf_llo                              0x00000000   Number         0  stubs.o ABSOLUTE
    _printf_llu                              0x00000000   Number         0  stubs.o ABSOLUTE
    _printf_llx                              0x00000000   Number         0  stubs.o ABSOLUTE
    _printf_longlong_dec                     0x00000000   Number         0  stubs.o ABSOLUTE
    _printf_longlong_hex                     0x00000000   Number         0  stubs.o ABSOLUTE
    _printf_longlong_oct                     0x00000000   Number         0  stubs.o ABSOLUTE
    _printf_ls                               0x00000000   Number         0  stubs.o ABSOLUTE
    _printf_mbtowc                           0x00000000   Number         0  stubs.o ABSOLUTE
    _printf_n                                0x00000000   Number         0  stubs.o ABSOLUTE
    _printf_o                                0x00000000   Number         0  stubs.o ABSOLUTE
    _printf_p                                0x00000000   Number         0  stubs.o ABSOLUTE
    _printf_percent                          0x00000000   Number         0  stubs.o ABSOLUTE
    _printf_pre_padding                      0x00000000   Number         0  stubs.o ABSOLUTE
    _printf_return_value                     0x00000000   Number         0  stubs.o ABSOLUTE
    _printf_s                                0x00000000   Number         0  stubs.o ABSOLUTE
    _printf_sizespec                         0x00000000   Number         0  stubs.o ABSOLUTE
    _printf_str                              0x00000000   Number         0  stubs.o ABSOLUTE
    _printf_truncate_signed                  0x00000000   Number         0  stubs.o ABSOLUTE
    _printf_truncate_unsigned                0x00000000   Number         0  stubs.o ABSOLUTE
    _printf_u                                0x00000000   Number         0  stubs.o ABSOLUTE
    _printf_wc                               0x00000000   Number         0  stubs.o ABSOLUTE
    _printf_wctomb                           0x00000000   Number         0  stubs.o ABSOLUTE
    _printf_widthprec                        0x00000000   Number         0  stubs.o ABSOLUTE
    _printf_x                                0x00000000   Number         0  stubs.o ABSOLUTE
    __cpp_initialize__aeabi_                  - Undefined Weak Reference
    __cxa_finalize                            - Undefined Weak Reference
    _clock_init                               - Undefined Weak Reference
    _microlib_exit                            - Undefined Weak Reference
    __Vectors_Size                           0x00000188   Number         0  startup_stm32f40_41xxx.o ABSOLUTE
    __Vectors                                0x08000000   Data           4  startup_stm32f40_41xxx.o(RESET)
    __Vectors_End                            0x08000188   Data           0  startup_stm32f40_41xxx.o(RESET)
    __main                                   0x08000189   Thumb Code     0  entry.o(.ARM.Collect$$$$00000000)
    _main_stk                                0x08000189   Thumb Code     0  entry2.o(.ARM.Collect$$$$00000001)
    _main_scatterload                        0x0800018d   Thumb Code     0  entry5.o(.ARM.Collect$$$$00000004)
    __main_after_scatterload                 0x08000191   Thumb Code     0  entry5.o(.ARM.Collect$$$$00000004)
    _main_clock                              0x08000191   Thumb Code     0  entry7b.o(.ARM.Collect$$$$00000008)
    _main_cpp_init                           0x08000191   Thumb Code     0  entry8b.o(.ARM.Collect$$$$0000000A)
    _main_init                               0x08000191   Thumb Code     0  entry9a.o(.ARM.Collect$$$$0000000B)
    __rt_final_cpp                           0x08000199   Thumb Code     0  entry10a.o(.ARM.Collect$$$$0000000D)
    __rt_final_exit                          0x08000199   Thumb Code     0  entry11a.o(.ARM.Collect$$$$0000000F)
    Reset_Handler                            0x0800019d   Thumb Code     8  startup_stm32f40_41xxx.o(.text)
    ADC_IRQHandler                           0x080001b7   Thumb Code     0  startup_stm32f40_41xxx.o(.text)
    CAN1_RX0_IRQHandler                      0x080001b7   Thumb Code     0  startup_stm32f40_41xxx.o(.text)
    CAN1_RX1_IRQHandler                      0x080001b7   Thumb Code     0  startup_stm32f40_41xxx.o(.text)
    CAN1_SCE_IRQHandler                      0x080001b7   Thumb Code     0  startup_stm32f40_41xxx.o(.text)
    CAN1_TX_IRQHandler                       0x080001b7   Thumb Code     0  startup_stm32f40_41xxx.o(.text)
    CAN2_RX0_IRQHandler                      0x080001b7   Thumb Code     0  startup_stm32f40_41xxx.o(.text)
    CAN2_RX1_IRQHandler                      0x080001b7   Thumb Code     0  startup_stm32f40_41xxx.o(.text)
    CAN2_SCE_IRQHandler                      0x080001b7   Thumb Code     0  startup_stm32f40_41xxx.o(.text)
    CAN2_TX_IRQHandler                       0x080001b7   Thumb Code     0  startup_stm32f40_41xxx.o(.text)
    CRYP_IRQHandler                          0x080001b7   Thumb Code     0  startup_stm32f40_41xxx.o(.text)
    DCMI_IRQHandler                          0x080001b7   Thumb Code     0  startup_stm32f40_41xxx.o(.text)
    DMA1_Stream0_IRQHandler                  0x080001b7   Thumb Code     0  startup_stm32f40_41xxx.o(.text)
    DMA1_Stream1_IRQHandler                  0x080001b7   Thumb Code     0  startup_stm32f40_41xxx.o(.text)
    DMA1_Stream2_IRQHandler                  0x080001b7   Thumb Code     0  startup_stm32f40_41xxx.o(.text)
    DMA1_Stream3_IRQHandler                  0x080001b7   Thumb Code     0  startup_stm32f40_41xxx.o(.text)
    DMA1_Stream4_IRQHandler                  0x080001b7   Thumb Code     0  startup_stm32f40_41xxx.o(.text)
    DMA1_Stream5_IRQHandler                  0x080001b7   Thumb Code     0  startup_stm32f40_41xxx.o(.text)
    DMA1_Stream6_IRQHandler                  0x080001b7   Thumb Code     0  startup_stm32f40_41xxx.o(.text)
    DMA1_Stream7_IRQHandler                  0x080001b7   Thumb Code     0  startup_stm32f40_41xxx.o(.text)
    DMA2_Stream0_IRQHandler                  0x080001b7   Thumb Code     0  startup_stm32f40_41xxx.o(.text)
    DMA2_Stream1_IRQHandler                  0x080001b7   Thumb Code     0  startup_stm32f40_41xxx.o(.text)
    DMA2_Stream2_IRQHandler                  0x080001b7   Thumb Code     0  startup_stm32f40_41xxx.o(.text)
    DMA2_Stream3_IRQHandler                  0x080001b7   Thumb Code     0  startup_stm32f40_41xxx.o(.text)
    DMA2_Stream4_IRQHandler                  0x080001b7   Thumb Code     0  startup_stm32f40_41xxx.o(.text)
    DMA2_Stream5_IRQHandler                  0x080001b7   Thumb Code     0  startup_stm32f40_41xxx.o(.text)
    DMA2_Stream6_IRQHandler                  0x080001b7   Thumb Code     0  startup_stm32f40_41xxx.o(.text)
    DMA2_Stream7_IRQHandler                  0x080001b7   Thumb Code     0  startup_stm32f40_41xxx.o(.text)
    ETH_IRQHandler                           0x080001b7   Thumb Code     0  startup_stm32f40_41xxx.o(.text)
    ETH_WKUP_IRQHandler                      0x080001b7   Thumb Code     0  startup_stm32f40_41xxx.o(.text)
    EXTI0_IRQHandler                         0x080001b7   Thumb Code     0  startup_stm32f40_41xxx.o(.text)
    EXTI1_IRQHandler                         0x080001b7   Thumb Code     0  startup_stm32f40_41xxx.o(.text)
    EXTI2_IRQHandler                         0x080001b7   Thumb Code     0  startup_stm32f40_41xxx.o(.text)
    EXTI3_IRQHandler                         0x080001b7   Thumb Code     0  startup_stm32f40_41xxx.o(.text)
    FLASH_IRQHandler                         0x080001b7   Thumb Code     0  startup_stm32f40_41xxx.o(.text)
    FPU_IRQHandler                           0x080001b7   Thumb Code     0  startup_stm32f40_41xxx.o(.text)
    FSMC_IRQHandler                          0x080001b7   Thumb Code     0  startup_stm32f40_41xxx.o(.text)
    HASH_RNG_IRQHandler                      0x080001b7   Thumb Code     0  startup_stm32f40_41xxx.o(.text)
    I2C1_ER_IRQHandler                       0x080001b7   Thumb Code     0  startup_stm32f40_41xxx.o(.text)
    I2C1_EV_IRQHandler                       0x080001b7   Thumb Code     0  startup_stm32f40_41xxx.o(.text)
    I2C2_ER_IRQHandler                       0x080001b7   Thumb Code     0  startup_stm32f40_41xxx.o(.text)
    I2C2_EV_IRQHandler                       0x080001b7   Thumb Code     0  startup_stm32f40_41xxx.o(.text)
    I2C3_ER_IRQHandler                       0x080001b7   Thumb Code     0  startup_stm32f40_41xxx.o(.text)
    I2C3_EV_IRQHandler                       0x080001b7   Thumb Code     0  startup_stm32f40_41xxx.o(.text)
    OTG_FS_IRQHandler                        0x080001b7   Thumb Code     0  startup_stm32f40_41xxx.o(.text)
    OTG_FS_WKUP_IRQHandler                   0x080001b7   Thumb Code     0  startup_stm32f40_41xxx.o(.text)
    OTG_HS_EP1_IN_IRQHandler                 0x080001b7   Thumb Code     0  startup_stm32f40_41xxx.o(.text)
    OTG_HS_EP1_OUT_IRQHandler                0x080001b7   Thumb Code     0  startup_stm32f40_41xxx.o(.text)
    OTG_HS_IRQHandler                        0x080001b7   Thumb Code     0  startup_stm32f40_41xxx.o(.text)
    OTG_HS_WKUP_IRQHandler                   0x080001b7   Thumb Code     0  startup_stm32f40_41xxx.o(.text)
    PVD_IRQHandler                           0x080001b7   Thumb Code     0  startup_stm32f40_41xxx.o(.text)
    RCC_IRQHandler                           0x080001b7   Thumb Code     0  startup_stm32f40_41xxx.o(.text)
    RTC_Alarm_IRQHandler                     0x080001b7   Thumb Code     0  startup_stm32f40_41xxx.o(.text)
    RTC_WKUP_IRQHandler                      0x080001b7   Thumb Code     0  startup_stm32f40_41xxx.o(.text)
    SDIO_IRQHandler                          0x080001b7   Thumb Code     0  startup_stm32f40_41xxx.o(.text)
    SPI1_IRQHandler                          0x080001b7   Thumb Code     0  startup_stm32f40_41xxx.o(.text)
    SPI2_IRQHandler                          0x080001b7   Thumb Code     0  startup_stm32f40_41xxx.o(.text)
    SPI3_IRQHandler                          0x080001b7   Thumb Code     0  startup_stm32f40_41xxx.o(.text)
    TAMP_STAMP_IRQHandler                    0x080001b7   Thumb Code     0  startup_stm32f40_41xxx.o(.text)
    TIM1_BRK_TIM9_IRQHandler                 0x080001b7   Thumb Code     0  startup_stm32f40_41xxx.o(.text)
    TIM1_CC_IRQHandler                       0x080001b7   Thumb Code     0  startup_stm32f40_41xxx.o(.text)
    TIM1_TRG_COM_TIM11_IRQHandler            0x080001b7   Thumb Code     0  startup_stm32f40_41xxx.o(.text)
    TIM1_UP_TIM10_IRQHandler                 0x080001b7   Thumb Code     0  startup_stm32f40_41xxx.o(.text)
    TIM2_IRQHandler                          0x080001b7   Thumb Code     0  startup_stm32f40_41xxx.o(.text)
    TIM3_IRQHandler                          0x080001b7   Thumb Code     0  startup_stm32f40_41xxx.o(.text)
    TIM5_IRQHandler                          0x080001b7   Thumb Code     0  startup_stm32f40_41xxx.o(.text)
    TIM7_IRQHandler                          0x080001b7   Thumb Code     0  startup_stm32f40_41xxx.o(.text)
    TIM8_BRK_TIM12_IRQHandler                0x080001b7   Thumb Code     0  startup_stm32f40_41xxx.o(.text)
    TIM8_CC_IRQHandler                       0x080001b7   Thumb Code     0  startup_stm32f40_41xxx.o(.text)
    TIM8_TRG_COM_TIM14_IRQHandler            0x080001b7   Thumb Code     0  startup_stm32f40_41xxx.o(.text)
    TIM8_UP_TIM13_IRQHandler                 0x080001b7   Thumb Code     0  startup_stm32f40_41xxx.o(.text)
    UART4_IRQHandler                         0x080001b7   Thumb Code     0  startup_stm32f40_41xxx.o(.text)
    UART5_IRQHandler                         0x080001b7   Thumb Code     0  startup_stm32f40_41xxx.o(.text)
    USART3_IRQHandler                        0x080001b7   Thumb Code     0  startup_stm32f40_41xxx.o(.text)
    USART6_IRQHandler                        0x080001b7   Thumb Code     0  startup_stm32f40_41xxx.o(.text)
    WWDG_IRQHandler                          0x080001b7   Thumb Code     0  startup_stm32f40_41xxx.o(.text)
    __aeabi_memcpy                           0x080001c1   Thumb Code    36  memcpya.o(.text)
    __aeabi_memcpy4                          0x080001c1   Thumb Code     0  memcpya.o(.text)
    __aeabi_memcpy8                          0x080001c1   Thumb Code     0  memcpya.o(.text)
    __aeabi_memset                           0x080001e5   Thumb Code    14  memseta.o(.text)
    __aeabi_memset4                          0x080001e5   Thumb Code     0  memseta.o(.text)
    __aeabi_memset8                          0x080001e5   Thumb Code     0  memseta.o(.text)
    __aeabi_memclr                           0x080001f3   Thumb Code     4  memseta.o(.text)
    __aeabi_memclr4                          0x080001f3   Thumb Code     0  memseta.o(.text)
    __aeabi_memclr8                          0x080001f3   Thumb Code     0  memseta.o(.text)
    _memset$wrapper                          0x080001f7   Thumb Code    18  memseta.o(.text)
    strstr                                   0x08000209   Thumb Code    36  strstr.o(.text)
    strlen                                   0x0800022d   Thumb Code    14  strlen.o(.text)
    __aeabi_dmul                             0x0800023b   Thumb Code   228  dmul.o(.text)
    __aeabi_ddiv                             0x0800031f   Thumb Code   222  ddiv.o(.text)
    __aeabi_ui2d                             0x080003fd   Thumb Code    26  dfltui.o(.text)
    __aeabi_f2d                              0x08000417   Thumb Code    38  f2d.o(.text)
    __aeabi_d2f                              0x0800043d   Thumb Code    56  d2f.o(.text)
    __aeabi_uidiv                            0x08000475   Thumb Code     0  uidiv.o(.text)
    __aeabi_uidivmod                         0x08000475   Thumb Code    44  uidiv.o(.text)
    __aeabi_uldivmod                         0x080004a1   Thumb Code    98  uldiv.o(.text)
    __I$use$fp                               0x08000503   Thumb Code     0  iusefp.o(.text)
    _float_round                             0x08000503   Thumb Code    18  fepilogue.o(.text)
    _float_epilogue                          0x08000515   Thumb Code    92  fepilogue.o(.text)
    _double_round                            0x08000571   Thumb Code    30  depilogue.o(.text)
    _double_epilogue                         0x0800058f   Thumb Code   156  depilogue.o(.text)
    __aeabi_dadd                             0x0800062b   Thumb Code   322  dadd.o(.text)
    __aeabi_dsub                             0x0800076d   Thumb Code     6  dadd.o(.text)
    __aeabi_drsub                            0x08000773   Thumb Code     6  dadd.o(.text)
    __aeabi_d2ulz                            0x08000779   Thumb Code    48  dfixul.o(.text)
    __aeabi_cdrcmple                         0x080007a9   Thumb Code    48  cdrcmple.o(.text)
    __scatterload                            0x080007d9   Thumb Code    28  init.o(.text)
    __scatterload_rt2                        0x080007d9   Thumb Code     0  init.o(.text)
    __aeabi_llsl                             0x080007fd   Thumb Code    30  llshl.o(.text)
    _ll_shift_l                              0x080007fd   Thumb Code     0  llshl.o(.text)
    __aeabi_llsr                             0x0800081b   Thumb Code    32  llushr.o(.text)
    _ll_ushift_r                             0x0800081b   Thumb Code     0  llushr.o(.text)
    __aeabi_lasr                             0x0800083b   Thumb Code    36  llsshr.o(.text)
    _ll_sshift_r                             0x0800083b   Thumb Code     0  llsshr.o(.text)
    __decompress                             0x0800085f   Thumb Code     0  __dczerorl2.o(.text)
    __decompress1                            0x0800085f   Thumb Code    86  __dczerorl2.o(.text)
    ADC_Cmd                                  0x080008b5   Thumb Code    22  stm32f4xx_adc.o(i.ADC_Cmd)
    ADC_CommonInit                           0x080008cd   Thumb Code    34  stm32f4xx_adc.o(i.ADC_CommonInit)
    ADC_GetConversionValue                   0x080008fd   Thumb Code     8  stm32f4xx_adc.o(i.ADC_GetConversionValue)
    ADC_GetFlagStatus                        0x08000905   Thumb Code    18  stm32f4xx_adc.o(i.ADC_GetFlagStatus)
    ADC_Init                                 0x08000919   Thumb Code    74  stm32f4xx_adc.o(i.ADC_Init)
    ADC_RegularChannelConfig                 0x0800096d   Thumb Code   184  stm32f4xx_adc.o(i.ADC_RegularChannelConfig)
    ADC_SoftwareStartConv                    0x08000a25   Thumb Code    10  stm32f4xx_adc.o(i.ADC_SoftwareStartConv)
    BusFault_Handler                         0x08000a2f   Thumb Code     4  stm32f4xx_it.o(i.BusFault_Handler)
    DHT11_InMode                             0x08000a35   Thumb Code    34  dht11.o(i.DHT11_InMode)
    DHT11_WORK                               0x08000a5d   Thumb Code    84  dht11.o(i.DHT11_WORK)
    DHT11_outMode                            0x08000ab5   Thumb Code    48  dht11.o(i.DHT11_outMode)
    DebugMon_Handler                         0x08000ae9   Thumb Code     2  stm32f4xx_it.o(i.DebugMon_Handler)
    EXTI15_10_IRQHandler                     0x08000aeb   Thumb Code     2  nvic.o(i.EXTI15_10_IRQHandler)
    EXTI4_IRQHandler                         0x08000aed   Thumb Code    24  nvic.o(i.EXTI4_IRQHandler)
    EXTI9_5_IRQHandler                       0x08000b09   Thumb Code    64  nvic.o(i.EXTI9_5_IRQHandler)
    EXTI_ClearITPendingBit                   0x08000b51   Thumb Code     6  stm32f4xx_exti.o(i.EXTI_ClearITPendingBit)
    EXTI_GetITStatus                         0x08000b5d   Thumb Code    20  stm32f4xx_exti.o(i.EXTI_GetITStatus)
    EXTI_Init                                0x08000b75   Thumb Code   142  stm32f4xx_exti.o(i.EXTI_Init)
    GPIO_Init                                0x08000c09   Thumb Code   144  stm32f4xx_gpio.o(i.GPIO_Init)
    GPIO_PinAFConfig                         0x08000c99   Thumb Code    70  stm32f4xx_gpio.o(i.GPIO_PinAFConfig)
    GPIO_ReadInputDataBit                    0x08000cdf   Thumb Code    18  stm32f4xx_gpio.o(i.GPIO_ReadInputDataBit)
    GPIO_ResetBits                           0x08000cf1   Thumb Code     4  stm32f4xx_gpio.o(i.GPIO_ResetBits)
    GPIO_SetBits                             0x08000cf5   Thumb Code     4  stm32f4xx_gpio.o(i.GPIO_SetBits)
    GPIO_ToggleBits                          0x08000cf9   Thumb Code     8  stm32f4xx_gpio.o(i.GPIO_ToggleBits)
    GPIO_WriteBit                            0x08000d01   Thumb Code    10  stm32f4xx_gpio.o(i.GPIO_WriteBit)
    HardFault_Handler                        0x08000d0b   Thumb Code     4  stm32f4xx_it.o(i.HardFault_Handler)
    IIC_AT24C02_write_data                   0x08000d11   Thumb Code    96  iic.o(i.IIC_AT24C02_write_data)
    IIC_get_Ask                              0x08000dad   Thumb Code    60  iic.o(i.IIC_get_Ask)
    IIC_send_Byte                            0x08000ded   Thumb Code   102  iic.o(i.IIC_send_Byte)
    InitOLed                                 0x08000e59   Thumb Code   178  oled.o(i.InitOLed)
    MemManage_Handler                        0x08000f0b   Thumb Code     4  stm32f4xx_it.o(i.MemManage_Handler)
    NMI_Handler                              0x08000f0f   Thumb Code     2  stm32f4xx_it.o(i.NMI_Handler)
    NVIC_Init                                0x08000f11   Thumb Code   106  misc.o(i.NVIC_Init)
    NVIC_PriorityGroupConfig                 0x08000f89   Thumb Code    10  misc.o(i.NVIC_PriorityGroupConfig)
    NVIC_init                                0x08000f9d   Thumb Code   100  nvic.o(i.NVIC_init)
    NVIC_usart1_init                         0x08001001   Thumb Code    40  nvic.o(i.NVIC_usart1_init)
    NVIC_usart2_init                         0x08001029   Thumb Code    40  nvic.o(i.NVIC_usart2_init)
    OLed_Fill                                0x08001051   Thumb Code    58  oled.o(i.OLed_Fill)
    OLed_SetPos                              0x0800108b   Thumb Code    36  oled.o(i.OLed_SetPos)
    OLed_ShowChina                           0x080010af   Thumb Code    74  oled.o(i.OLed_ShowChina)
    Oled_print                               0x080010f9   Thumb Code   112  oled.o(i.Oled_print)
    PendSV_Handler                           0x0800116d   Thumb Code     2  stm32f4xx_it.o(i.PendSV_Handler)
    RCC_AHB1PeriphClockCmd                   0x08001171   Thumb Code    26  stm32f4xx_rcc.o(i.RCC_AHB1PeriphClockCmd)
    RCC_APB1PeriphClockCmd                   0x08001191   Thumb Code    26  stm32f4xx_rcc.o(i.RCC_APB1PeriphClockCmd)
    RCC_APB1PeriphResetCmd                   0x080011b1   Thumb Code    26  stm32f4xx_rcc.o(i.RCC_APB1PeriphResetCmd)
    RCC_APB2PeriphClockCmd                   0x080011d1   Thumb Code    26  stm32f4xx_rcc.o(i.RCC_APB2PeriphClockCmd)
    RCC_APB2PeriphResetCmd                   0x080011f1   Thumb Code    26  stm32f4xx_rcc.o(i.RCC_APB2PeriphResetCmd)
    RCC_GetClocksFreq                        0x08001211   Thumb Code   214  stm32f4xx_rcc.o(i.RCC_GetClocksFreq)
    Read_Bit                                 0x080012f9   Thumb Code    58  dht11.o(i.Read_Bit)
    Read_Byte                                0x08001339   Thumb Code    28  dht11.o(i.Read_Byte)
    SDA_in                                   0x08001355   Thumb Code    42  iic.o(i.SDA_in)
    SDA_out                                  0x08001385   Thumb Code    40  iic.o(i.SDA_out)
    SPI_Cmd                                  0x080013b1   Thumb Code    24  stm32f4xx_spi.o(i.SPI_Cmd)
    SPI_I2S_GetFlagStatus                    0x080013c9   Thumb Code    18  stm32f4xx_spi.o(i.SPI_I2S_GetFlagStatus)
    SPI_I2S_ReceiveData                      0x080013db   Thumb Code     6  stm32f4xx_spi.o(i.SPI_I2S_ReceiveData)
    SPI_I2S_SendData                         0x080013e1   Thumb Code     4  stm32f4xx_spi.o(i.SPI_I2S_SendData)
    SPI_Init                                 0x080013e5   Thumb Code    60  stm32f4xx_spi.o(i.SPI_Init)
    SVC_Handler                              0x08001421   Thumb Code     2  stm32f4xx_it.o(i.SVC_Handler)
    SYSCFG_EXTILineConfig                    0x08001425   Thumb Code    60  stm32f4xx_syscfg.o(i.SYSCFG_EXTILineConfig)
    Start_ask                                0x08001551   Thumb Code   144  dht11.o(i.Start_ask)
    SysTick_CLKSourceConfig                  0x080015e5   Thumb Code    40  misc.o(i.SysTick_CLKSourceConfig)
    SysTick_Handler                          0x0800160d   Thumb Code    18  systick.o(i.SysTick_Handler)
    SystemInit                               0x08001625   Thumb Code    88  system_stm32f4xx.o(i.SystemInit)
    TIM4_IRQHandler                          0x0800168d   Thumb Code    18  timx.o(i.TIM4_IRQHandler)
    TIM6_DAC_IRQHandler                      0x080016a5   Thumb Code    32  timx.o(i.TIM6_DAC_IRQHandler)
    TIM_ARRPreloadConfig                     0x080016cd   Thumb Code    24  stm32f4xx_tim.o(i.TIM_ARRPreloadConfig)
    TIM_ClearITPendingBit                    0x080016e5   Thumb Code     6  stm32f4xx_tim.o(i.TIM_ClearITPendingBit)
    TIM_Cmd                                  0x080016eb   Thumb Code    24  stm32f4xx_tim.o(i.TIM_Cmd)
    TIM_CtrlPWMOutputs                       0x08001703   Thumb Code    30  stm32f4xx_tim.o(i.TIM_CtrlPWMOutputs)
    TIM_DeInit                               0x08001721   Thumb Code   346  stm32f4xx_tim.o(i.TIM_DeInit)
    TIM_GetITStatus                          0x080018b1   Thumb Code    34  stm32f4xx_tim.o(i.TIM_GetITStatus)
    TIM_OC1Init                              0x080018d5   Thumb Code   114  stm32f4xx_tim.o(i.TIM_OC1Init)
    TIM_OC3Init                              0x08001951   Thumb Code   150  stm32f4xx_tim.o(i.TIM_OC3Init)
    TIM_OC3PreloadConfig                     0x080019f1   Thumb Code    18  stm32f4xx_tim.o(i.TIM_OC3PreloadConfig)
    TIM_SetCompare1                          0x08001a03   Thumb Code     4  stm32f4xx_tim.o(i.TIM_SetCompare1)
    TIM_SetCompare3                          0x08001a07   Thumb Code     4  stm32f4xx_tim.o(i.TIM_SetCompare3)
    TIM_TimeBaseInit                         0x08001a0d   Thumb Code   104  stm32f4xx_tim.o(i.TIM_TimeBaseInit)
    USART1_IRQHandler                        0x08001a91   Thumb Code   184  usart.o(i.USART1_IRQHandler)
    USART2_IRQHandler                        0x08001b7d   Thumb Code   212  wifi.o(i.USART2_IRQHandler)
    USART_ClearITPendingBit                  0x08001c8d   Thumb Code    30  stm32f4xx_usart.o(i.USART_ClearITPendingBit)
    USART_Cmd                                0x08001cab   Thumb Code    24  stm32f4xx_usart.o(i.USART_Cmd)
    USART_GetFlagStatus                      0x08001cc3   Thumb Code    26  stm32f4xx_usart.o(i.USART_GetFlagStatus)
    USART_GetITStatus                        0x08001cdd   Thumb Code    84  stm32f4xx_usart.o(i.USART_GetITStatus)
    USART_ITConfig                           0x08001d31   Thumb Code    74  stm32f4xx_usart.o(i.USART_ITConfig)
    USART_Init                               0x08001d7d   Thumb Code   204  stm32f4xx_usart.o(i.USART_Init)
    USART_ReceiveData                        0x08001e51   Thumb Code    10  stm32f4xx_usart.o(i.USART_ReceiveData)
    USART_SendData                           0x08001e5b   Thumb Code     8  stm32f4xx_usart.o(i.USART_SendData)
    UsageFault_Handler                       0x08001e63   Thumb Code     4  stm32f4xx_it.o(i.UsageFault_Handler)
    W25Q128_PageProgram                      0x08001e69   Thumb Code   100  spi.o(i.W25Q128_PageProgram)
    W25Q128_ReadStatusRegister1              0x08001ed1   Thumb Code    38  spi.o(i.W25Q128_ReadStatusRegister1)
    W25Q128_WriteDisable                     0x08001efd   Thumb Code    26  spi.o(i.W25Q128_WriteDisable)
    W25Q128_WriteEnable                      0x08001f1d   Thumb Code    26  spi.o(i.W25Q128_WriteEnable)
    WriteOLedCmd                             0x08001f3d   Thumb Code    46  oled.o(i.WriteOLedCmd)
    WriteOLedData                            0x08001f6b   Thumb Code    50  oled.o(i.WriteOLedData)
    __0printf                                0x08001f9d   Thumb Code    22  printfa.o(i.__0printf)
    __1printf                                0x08001f9d   Thumb Code     0  printfa.o(i.__0printf)
    __2printf                                0x08001f9d   Thumb Code     0  printfa.o(i.__0printf)
    __c89printf                              0x08001f9d   Thumb Code     0  printfa.o(i.__0printf)
    printf                                   0x08001f9d   Thumb Code     0  printfa.o(i.__0printf)
    __0sprintf                               0x08001fbd   Thumb Code    34  printfa.o(i.__0sprintf)
    __1sprintf                               0x08001fbd   Thumb Code     0  printfa.o(i.__0sprintf)
    __2sprintf                               0x08001fbd   Thumb Code     0  printfa.o(i.__0sprintf)
    __c89sprintf                             0x08001fbd   Thumb Code     0  printfa.o(i.__0sprintf)
    sprintf                                  0x08001fbd   Thumb Code     0  printfa.o(i.__0sprintf)
    __scatterload_copy                       0x08001fe5   Thumb Code    14  handlers.o(i.__scatterload_copy)
    __scatterload_null                       0x08001ff3   Thumb Code     2  handlers.o(i.__scatterload_null)
    __scatterload_zeroinit                   0x08001ff5   Thumb Code    14  handlers.o(i.__scatterload_zeroinit)
    adc_init                                 0x080028a1   Thumb Code   110  adc.o(i.adc_init)
    beep_didu                                0x08002919   Thumb Code    90  pwm.o(i.beep_didu)
    beep_init                                0x08002975   Thumb Code    38  beep.o(i.beep_init)
    beep_out                                 0x080029a5   Thumb Code    14  beep.o(i.beep_out)
    beep_stop                                0x080029b9   Thumb Code    16  beep.o(i.beep_stop)
    delay_init                               0x080029cd   Thumb Code    52  delay.o(i.delay_init)
    delay_ms                                 0x08002a09   Thumb Code    56  delay.o(i.delay_ms)
    delay_us                                 0x08002a41   Thumb Code    72  delay.o(i.delay_us)
    delay_xms                                0x08002a8d   Thumb Code    72  delay.o(i.delay_xms)
    det11_init                               0x08002ad9   Thumb Code    54  dht11.o(i.det11_init)
    exti_1234key_init                        0x08002b15   Thumb Code   124  nvic.o(i.exti_1234key_init)
    fputc                                    0x08002b91   Thumb Code    36  usart.o(i.fputc)
    fun_init                                 0x08002bb9   Thumb Code    50  main.o(i.fun_init)
    get_adc_val                              0x08002bf1   Thumb Code    42  adc.o(i.get_adc_val)
    getadcaverage1                           0x08002c21   Thumb Code    40  adc.o(i.getadcaverage1)
    iic_init                                 0x08002c49   Thumb Code    40  iic.o(i.iic_init)
    key_init                                 0x08002c75   Thumb Code    42  key.o(i.key_init)
    led_3                                    0x08002ca5   Thumb Code    14  led.o(i.led_3)
    led_allclose                             0x08002cb9   Thumb Code    16  led.o(i.led_allclose)
    led_alllight                             0x08002ccd   Thumb Code    16  led.o(i.led_alllight)
    led_breathe                              0x08002ce1   Thumb Code    86  pwm.o(i.led_breathe)
    led_init                                 0x08002d3d   Thumb Code    50  led.o(i.led_init)
    main                                     0x08002d79   Thumb Code   270  main.o(i.main)
    main_init                                0x08002ea5   Thumb Code    70  main.o(i.main_init)
    printf_oled                              0x08002eed   Thumb Code   310  oled.o(i.printf_oled)
    printf_oled_guanji                       0x08003071   Thumb Code    66  oled.o(i.printf_oled_guanji)
    printf_oled_kaiji                        0x080030c1   Thumb Code    66  oled.o(i.printf_oled_kaiji)
    pwm_beep                                 0x08003111   Thumb Code   148  pwm.o(i.pwm_beep)
    pwm_led                                  0x080031a9   Thumb Code   160  pwm.o(i.pwm_led)
    spi_init                                 0x08003251   Thumb Code   188  spi.o(i.spi_init)
    start_signal                             0x08003315   Thumb Code    52  iic.o(i.start_signal)
    stop_signal                              0x0800334d   Thumb Code    52  iic.o(i.stop_signal)
    usart1_init                              0x08003385   Thumb Code   142  usart.o(i.usart1_init)
    usart2_init                              0x0800341d   Thumb Code   134  wifi.o(i.usart2_init)
    w25q128_spi_read_write                   0x080034ad   Thumb Code    48  spi.o(i.w25q128_spi_read_write)
    wifi_firstcmd                            0x080034e1   Thumb Code    58  wifi.o(i.wifi_firstcmd)
    wifi_send                                0x08003525   Thumb Code    48  wifi.o(i.wifi_send)
    F8X16                                    0x08003558   Data        1520  oled.o(.constdata)
    Region$$Table$$Base                      0x08003c98   Number         0  anon$$obj.o(Region$$Table)
    Region$$Table$$Limit                     0x08003cb8   Number         0  anon$$obj.o(Region$$Table)
    buff_recvwifi                            0x20000000   Data           1  main.o(.data)
    data                                     0x20000001   Data           1  main.o(.data)
    humi                                     0x20000002   Data           1  main.o(.data)
    temp                                     0x20000003   Data           1  main.o(.data)
    light                                    0x20000004   Data           2  main.o(.data)
    wifi_send_flag                           0x20000008   Data           4  main.o(.data)
    kaiji_flag                               0x2000000c   Data           4  main.o(.data)
    at24_addr                                0x20000010   Data           1  main.o(.data)
    w25q_addr                                0x20000014   Data           4  main.o(.data)
    gpiobeep                                 0x2000001c   Data           8  beep.o(.data)
    gpioled                                  0x20000024   Data           8  led.o(.data)
    timedelay                                0x2000002c   Data           4  systick.o(.data)
    j                                        0x20000030   Data           4  usart.o(.data)
    buf                                      0x20000034   Data           5  dht11.o(.data)
    wen                                      0x2000003c   Data          32  oled.o(.data)
    du                                       0x2000005c   Data          32  oled.o(.data)
    shi                                      0x2000007c   Data          32  oled.o(.data)
    ju                                       0x2000009c   Data          32  oled.o(.data)
    li                                       0x200000bc   Data          32  oled.o(.data)
    guang                                    0x200000dc   Data          32  oled.o(.data)
    zhao                                     0x200000fc   Data          32  oled.o(.data)
    jiu                                      0x2000011c   Data          32  oled.o(.data)
    jing                                     0x2000013c   Data          32  oled.o(.data)
    nong                                     0x2000015c   Data          32  oled.o(.data)
    zhong                                    0x2000017c   Data          32  oled.o(.data)
    liang                                    0x2000019c   Data          32  oled.o(.data)
    zeng                                     0x200001bc   Data          32  oled.o(.data)
    xiang                                    0x200001dc   Data          32  oled.o(.data)
    dian                                     0x200001fc   Data          32  oled.o(.data)
    ya                                       0x2000021c   Data          32  oled.o(.data)
    kai                                      0x2000023c   Data          32  oled.o(.data)
    guan                                     0x2000025c   Data          32  oled.o(.data)
    ji                                       0x2000027c   Data          32  oled.o(.data)
    aa                                       0x2000029c   Data           4  oled.o(.data)
    i                                        0x200002a0   Data           4  wifi.o(.data)
    __stdout                                 0x200002b4   Data           4  stdout.o(.data)
    buff_u1                                  0x200002b8   Data        1024  usart.o(.bss)
    buff                                     0x200006b8   Data        1024  wifi.o(.bss)
    __initial_sp                             0x20000eb8   Data           0  startup_stm32f40_41xxx.o(STACK)



==============================================================================

Memory Map of the image

  Image Entry point : 0x08000189

  Load Region LR_IROM1 (Base: 0x08000000, Size: 0x00003f70, Max: 0x00080000, ABSOLUTE, COMPRESSED[0x00003eb4])

    Execution Region ER_IROM1 (Base: 0x08000000, Size: 0x00003cb8, Max: 0x00080000, ABSOLUTE)

    Base Addr    Size         Type   Attr      Idx    E Section Name        Object

    0x08000000   0x00000188   Data   RO            3    RESET               startup_stm32f40_41xxx.o
    0x08000188   0x00000000   Code   RO         3085  * .ARM.Collect$$$$00000000  mc_w.l(entry.o)
    0x08000188   0x00000004   Code   RO         3369    .ARM.Collect$$$$00000001  mc_w.l(entry2.o)
    0x0800018c   0x00000004   Code   RO         3372    .ARM.Collect$$$$00000004  mc_w.l(entry5.o)
    0x08000190   0x00000000   Code   RO         3374    .ARM.Collect$$$$00000008  mc_w.l(entry7b.o)
    0x08000190   0x00000000   Code   RO         3376    .ARM.Collect$$$$0000000A  mc_w.l(entry8b.o)
    0x08000190   0x00000008   Code   RO         3377    .ARM.Collect$$$$0000000B  mc_w.l(entry9a.o)
    0x08000198   0x00000000   Code   RO         3379    .ARM.Collect$$$$0000000D  mc_w.l(entry10a.o)
    0x08000198   0x00000000   Code   RO         3381    .ARM.Collect$$$$0000000F  mc_w.l(entry11a.o)
    0x08000198   0x00000004   Code   RO         3370    .ARM.Collect$$$$00002712  mc_w.l(entry2.o)
    0x0800019c   0x00000024   Code   RO            4    .text               startup_stm32f40_41xxx.o
    0x080001c0   0x00000024   Code   RO         3088    .text               mc_w.l(memcpya.o)
    0x080001e4   0x00000024   Code   RO         3090    .text               mc_w.l(memseta.o)
    0x08000208   0x00000024   Code   RO         3092    .text               mc_w.l(strstr.o)
    0x0800022c   0x0000000e   Code   RO         3094    .text               mc_w.l(strlen.o)
    0x0800023a   0x000000e4   Code   RO         3359    .text               mf_w.l(dmul.o)
    0x0800031e   0x000000de   Code   RO         3361    .text               mf_w.l(ddiv.o)
    0x080003fc   0x0000001a   Code   RO         3363    .text               mf_w.l(dfltui.o)
    0x08000416   0x00000026   Code   RO         3365    .text               mf_w.l(f2d.o)
    0x0800043c   0x00000038   Code   RO         3367    .text               mf_w.l(d2f.o)
    0x08000474   0x0000002c   Code   RO         3384    .text               mc_w.l(uidiv.o)
    0x080004a0   0x00000062   Code   RO         3386    .text               mc_w.l(uldiv.o)
    0x08000502   0x00000000   Code   RO         3388    .text               mc_w.l(iusefp.o)
    0x08000502   0x0000006e   Code   RO         3389    .text               mf_w.l(fepilogue.o)
    0x08000570   0x000000ba   Code   RO         3391    .text               mf_w.l(depilogue.o)
    0x0800062a   0x0000014e   Code   RO         3393    .text               mf_w.l(dadd.o)
    0x08000778   0x00000030   Code   RO         3395    .text               mf_w.l(dfixul.o)
    0x080007a8   0x00000030   Code   RO         3397    .text               mf_w.l(cdrcmple.o)
    0x080007d8   0x00000024   Code   RO         3399    .text               mc_w.l(init.o)
    0x080007fc   0x0000001e   Code   RO         3401    .text               mc_w.l(llshl.o)
    0x0800081a   0x00000020   Code   RO         3403    .text               mc_w.l(llushr.o)
    0x0800083a   0x00000024   Code   RO         3405    .text               mc_w.l(llsshr.o)
    0x0800085e   0x00000056   Code   RO         3415    .text               mc_w.l(__dczerorl2.o)
    0x080008b4   0x00000016   Code   RO         1839    i.ADC_Cmd           stm32f4xx_adc.o
    0x080008ca   0x00000002   PAD
    0x080008cc   0x00000030   Code   RO         1840    i.ADC_CommonInit    stm32f4xx_adc.o
    0x080008fc   0x00000008   Code   RO         1851    i.ADC_GetConversionValue  stm32f4xx_adc.o
    0x08000904   0x00000012   Code   RO         1852    i.ADC_GetFlagStatus  stm32f4xx_adc.o
    0x08000916   0x00000002   PAD
    0x08000918   0x00000054   Code   RO         1859    i.ADC_Init          stm32f4xx_adc.o
    0x0800096c   0x000000b8   Code   RO         1864    i.ADC_RegularChannelConfig  stm32f4xx_adc.o
    0x08000a24   0x0000000a   Code   RO         1866    i.ADC_SoftwareStartConv  stm32f4xx_adc.o
    0x08000a2e   0x00000004   Code   RO          208    i.BusFault_Handler  stm32f4xx_it.o
    0x08000a32   0x00000002   PAD
    0x08000a34   0x00000028   Code   RO          698    i.DHT11_InMode      dht11.o
    0x08000a5c   0x00000058   Code   RO          699    i.DHT11_WORK        dht11.o
    0x08000ab4   0x00000034   Code   RO          700    i.DHT11_outMode     dht11.o
    0x08000ae8   0x00000002   Code   RO          209    i.DebugMon_Handler  stm32f4xx_it.o
    0x08000aea   0x00000002   Code   RO          445    i.EXTI15_10_IRQHandler  nvic.o
    0x08000aec   0x0000001c   Code   RO          446    i.EXTI4_IRQHandler  nvic.o
    0x08000b08   0x00000048   Code   RO          447    i.EXTI9_5_IRQHandler  nvic.o
    0x08000b50   0x0000000c   Code   RO         2076    i.EXTI_ClearITPendingBit  stm32f4xx_exti.o
    0x08000b5c   0x00000018   Code   RO         2080    i.EXTI_GetITStatus  stm32f4xx_exti.o
    0x08000b74   0x00000094   Code   RO         2081    i.EXTI_Init         stm32f4xx_exti.o
    0x08000c08   0x00000090   Code   RO         1492    i.GPIO_Init         stm32f4xx_gpio.o
    0x08000c98   0x00000046   Code   RO         1493    i.GPIO_PinAFConfig  stm32f4xx_gpio.o
    0x08000cde   0x00000012   Code   RO         1496    i.GPIO_ReadInputDataBit  stm32f4xx_gpio.o
    0x08000cf0   0x00000004   Code   RO         1499    i.GPIO_ResetBits    stm32f4xx_gpio.o
    0x08000cf4   0x00000004   Code   RO         1500    i.GPIO_SetBits      stm32f4xx_gpio.o
    0x08000cf8   0x00000008   Code   RO         1502    i.GPIO_ToggleBits   stm32f4xx_gpio.o
    0x08000d00   0x0000000a   Code   RO         1504    i.GPIO_WriteBit     stm32f4xx_gpio.o
    0x08000d0a   0x00000004   Code   RO          210    i.HardFault_Handler  stm32f4xx_it.o
    0x08000d0e   0x00000002   PAD
    0x08000d10   0x0000009c   Code   RO          758    i.IIC_AT24C02_write_data  iic.o
    0x08000dac   0x00000040   Code   RO          759    i.IIC_get_Ask       iic.o
    0x08000dec   0x0000006c   Code   RO          762    i.IIC_send_Byte     iic.o
    0x08000e58   0x000000b2   Code   RO          837    i.InitOLed          oled.o
    0x08000f0a   0x00000004   Code   RO          211    i.MemManage_Handler  stm32f4xx_it.o
    0x08000f0e   0x00000002   Code   RO          212    i.NMI_Handler       stm32f4xx_it.o
    0x08000f10   0x00000078   Code   RO         1113    i.NVIC_Init         misc.o
    0x08000f88   0x00000014   Code   RO         1114    i.NVIC_PriorityGroupConfig  misc.o
    0x08000f9c   0x00000064   Code   RO          448    i.NVIC_init         nvic.o
    0x08001000   0x00000028   Code   RO          451    i.NVIC_usart1_init  nvic.o
    0x08001028   0x00000028   Code   RO          452    i.NVIC_usart2_init  nvic.o
    0x08001050   0x0000003a   Code   RO          838    i.OLed_Fill         oled.o
    0x0800108a   0x00000024   Code   RO          839    i.OLed_SetPos       oled.o
    0x080010ae   0x0000004a   Code   RO          840    i.OLed_ShowChina    oled.o
    0x080010f8   0x00000074   Code   RO          841    i.Oled_print        oled.o
    0x0800116c   0x00000002   Code   RO          213    i.PendSV_Handler    stm32f4xx_it.o
    0x0800116e   0x00000002   PAD
    0x08001170   0x00000020   Code   RO         1157    i.RCC_AHB1PeriphClockCmd  stm32f4xx_rcc.o
    0x08001190   0x00000020   Code   RO         1166    i.RCC_APB1PeriphClockCmd  stm32f4xx_rcc.o
    0x080011b0   0x00000020   Code   RO         1168    i.RCC_APB1PeriphResetCmd  stm32f4xx_rcc.o
    0x080011d0   0x00000020   Code   RO         1169    i.RCC_APB2PeriphClockCmd  stm32f4xx_rcc.o
    0x080011f0   0x00000020   Code   RO         1171    i.RCC_APB2PeriphResetCmd  stm32f4xx_rcc.o
    0x08001210   0x000000e8   Code   RO         1178    i.RCC_GetClocksFreq  stm32f4xx_rcc.o
    0x080012f8   0x00000040   Code   RO          701    i.Read_Bit          dht11.o
    0x08001338   0x0000001c   Code   RO          702    i.Read_Byte         dht11.o
    0x08001354   0x00000030   Code   RO          763    i.SDA_in            iic.o
    0x08001384   0x0000002c   Code   RO          764    i.SDA_out           iic.o
    0x080013b0   0x00000018   Code   RO         2705    i.SPI_Cmd           stm32f4xx_spi.o
    0x080013c8   0x00000012   Code   RO         2713    i.SPI_I2S_GetFlagStatus  stm32f4xx_spi.o
    0x080013da   0x00000006   Code   RO         2716    i.SPI_I2S_ReceiveData  stm32f4xx_spi.o
    0x080013e0   0x00000004   Code   RO         2717    i.SPI_I2S_SendData  stm32f4xx_spi.o
    0x080013e4   0x0000003c   Code   RO         2718    i.SPI_Init          stm32f4xx_spi.o
    0x08001420   0x00000002   Code   RO          214    i.SVC_Handler       stm32f4xx_it.o
    0x08001422   0x00000002   PAD
    0x08001424   0x00000040   Code   RO         1780    i.SYSCFG_EXTILineConfig  stm32f4xx_syscfg.o
    0x08001464   0x000000ec   Code   RO         1076    i.SetSysClock       system_stm32f4xx.o
    0x08001550   0x00000094   Code   RO          703    i.Start_ask         dht11.o
    0x080015e4   0x00000028   Code   RO         1117    i.SysTick_CLKSourceConfig  misc.o
    0x0800160c   0x00000018   Code   RO          521    i.SysTick_Handler   systick.o
    0x08001624   0x00000068   Code   RO         1078    i.SystemInit        system_stm32f4xx.o
    0x0800168c   0x00000018   Code   RO          566    i.TIM4_IRQHandler   timx.o
    0x080016a4   0x00000028   Code   RO          567    i.TIM6_DAC_IRQHandler  timx.o
    0x080016cc   0x00000018   Code   RO         2141    i.TIM_ARRPreloadConfig  stm32f4xx_tim.o
    0x080016e4   0x00000006   Code   RO         2148    i.TIM_ClearITPendingBit  stm32f4xx_tim.o
    0x080016ea   0x00000018   Code   RO         2153    i.TIM_Cmd           stm32f4xx_tim.o
    0x08001702   0x0000001e   Code   RO         2155    i.TIM_CtrlPWMOutputs  stm32f4xx_tim.o
    0x08001720   0x00000190   Code   RO         2158    i.TIM_DeInit        stm32f4xx_tim.o
    0x080018b0   0x00000022   Code   RO         2174    i.TIM_GetITStatus   stm32f4xx_tim.o
    0x080018d2   0x00000002   PAD
    0x080018d4   0x0000007c   Code   RO         2182    i.TIM_OC1Init       stm32f4xx_tim.o
    0x08001950   0x000000a0   Code   RO         2192    i.TIM_OC3Init       stm32f4xx_tim.o
    0x080019f0   0x00000012   Code   RO         2195    i.TIM_OC3PreloadConfig  stm32f4xx_tim.o
    0x08001a02   0x00000004   Code   RO         2215    i.TIM_SetCompare1   stm32f4xx_tim.o
    0x08001a06   0x00000004   Code   RO         2217    i.TIM_SetCompare3   stm32f4xx_tim.o
    0x08001a0a   0x00000002   PAD
    0x08001a0c   0x00000084   Code   RO         2225    i.TIM_TimeBaseInit  stm32f4xx_tim.o
    0x08001a90   0x000000ec   Code   RO          649    i.USART1_IRQHandler  usart.o
    0x08001b7c   0x00000110   Code   RO         1019    i.USART2_IRQHandler  wifi.o
    0x08001c8c   0x0000001e   Code   RO         1590    i.USART_ClearITPendingBit  stm32f4xx_usart.o
    0x08001caa   0x00000018   Code   RO         1593    i.USART_Cmd         stm32f4xx_usart.o
    0x08001cc2   0x0000001a   Code   RO         1596    i.USART_GetFlagStatus  stm32f4xx_usart.o
    0x08001cdc   0x00000054   Code   RO         1597    i.USART_GetITStatus  stm32f4xx_usart.o
    0x08001d30   0x0000004a   Code   RO         1599    i.USART_ITConfig    stm32f4xx_usart.o
    0x08001d7a   0x00000002   PAD
    0x08001d7c   0x000000d4   Code   RO         1600    i.USART_Init        stm32f4xx_usart.o
    0x08001e50   0x0000000a   Code   RO         1607    i.USART_ReceiveData  stm32f4xx_usart.o
    0x08001e5a   0x00000008   Code   RO         1610    i.USART_SendData    stm32f4xx_usart.o
    0x08001e62   0x00000004   Code   RO          215    i.UsageFault_Handler  stm32f4xx_it.o
    0x08001e66   0x00000002   PAD
    0x08001e68   0x00000068   Code   RO          919    i.W25Q128_PageProgram  spi.o
    0x08001ed0   0x0000002c   Code   RO          922    i.W25Q128_ReadStatusRegister1  spi.o
    0x08001efc   0x00000020   Code   RO          924    i.W25Q128_WriteDisable  spi.o
    0x08001f1c   0x00000020   Code   RO          925    i.W25Q128_WriteEnable  spi.o
    0x08001f3c   0x0000002e   Code   RO          842    i.WriteOLedCmd      oled.o
    0x08001f6a   0x00000032   Code   RO          843    i.WriteOLedData     oled.o
    0x08001f9c   0x00000020   Code   RO         3331    i.__0printf         mc_w.l(printfa.o)
    0x08001fbc   0x00000028   Code   RO         3333    i.__0sprintf        mc_w.l(printfa.o)
    0x08001fe4   0x0000000e   Code   RO         3409    i.__scatterload_copy  mc_w.l(handlers.o)
    0x08001ff2   0x00000002   Code   RO         3410    i.__scatterload_null  mc_w.l(handlers.o)
    0x08001ff4   0x0000000e   Code   RO         3411    i.__scatterload_zeroinit  mc_w.l(handlers.o)
    0x08002002   0x00000002   PAD
    0x08002004   0x00000164   Code   RO         3338    i._fp_digits        mc_w.l(printfa.o)
    0x08002168   0x000006dc   Code   RO         3339    i._printf_core      mc_w.l(printfa.o)
    0x08002844   0x00000024   Code   RO         3340    i._printf_post_padding  mc_w.l(printfa.o)
    0x08002868   0x0000002e   Code   RO         3341    i._printf_pre_padding  mc_w.l(printfa.o)
    0x08002896   0x0000000a   Code   RO         3343    i._sputc            mc_w.l(printfa.o)
    0x080028a0   0x00000078   Code   RO          987    i.adc_init          adc.o
    0x08002918   0x0000005a   Code   RO          611    i.beep_didu         pwm.o
    0x08002972   0x00000002   PAD
    0x08002974   0x00000030   Code   RO          331    i.beep_init         beep.o
    0x080029a4   0x00000014   Code   RO          332    i.beep_out          beep.o
    0x080029b8   0x00000014   Code   RO          333    i.beep_stop         beep.o
    0x080029cc   0x0000003c   Code   RO          291    i.delay_init        delay.o
    0x08002a08   0x00000038   Code   RO          292    i.delay_ms          delay.o
    0x08002a40   0x0000004c   Code   RO          293    i.delay_us          delay.o
    0x08002a8c   0x0000004c   Code   RO          294    i.delay_xms         delay.o
    0x08002ad8   0x0000003c   Code   RO          704    i.det11_init        dht11.o
    0x08002b14   0x0000007c   Code   RO          453    i.exti_1234key_init  nvic.o
    0x08002b90   0x00000028   Code   RO          650    i.fputc             usart.o
    0x08002bb8   0x00000038   Code   RO           12    i.fun_init          main.o
    0x08002bf0   0x00000030   Code   RO          988    i.get_adc_val       adc.o
    0x08002c20   0x00000028   Code   RO          989    i.getadcaverage1    adc.o
    0x08002c48   0x0000002c   Code   RO          765    i.iic_init          iic.o
    0x08002c74   0x00000030   Code   RO          414    i.key_init          key.o
    0x08002ca4   0x00000014   Code   RO          366    i.led_3             led.o
    0x08002cb8   0x00000014   Code   RO          367    i.led_allclose      led.o
    0x08002ccc   0x00000014   Code   RO          368    i.led_alllight      led.o
    0x08002ce0   0x0000005c   Code   RO          612    i.led_breathe       pwm.o
    0x08002d3c   0x0000003c   Code   RO          369    i.led_init          led.o
    0x08002d78   0x0000012c   Code   RO           13    i.main              main.o
    0x08002ea4   0x00000046   Code   RO           14    i.main_init         main.o
    0x08002eea   0x00000002   PAD
    0x08002eec   0x00000184   Code   RO          844    i.printf_oled       oled.o
    0x08003070   0x00000050   Code   RO          845    i.printf_oled_guanji  oled.o
    0x080030c0   0x00000050   Code   RO          846    i.printf_oled_kaiji  oled.o
    0x08003110   0x00000098   Code   RO          613    i.pwm_beep          pwm.o
    0x080031a8   0x000000a8   Code   RO          614    i.pwm_led           pwm.o
    0x08003250   0x000000c4   Code   RO          926    i.spi_init          spi.o
    0x08003314   0x00000038   Code   RO          766    i.start_signal      iic.o
    0x0800334c   0x00000038   Code   RO          767    i.stop_signal       iic.o
    0x08003384   0x00000098   Code   RO          652    i.usart1_init       usart.o
    0x0800341c   0x00000090   Code   RO         1020    i.usart2_init       wifi.o
    0x080034ac   0x00000034   Code   RO          927    i.w25q128_spi_read_write  spi.o
    0x080034e0   0x00000044   Code   RO         1022    i.wifi_firstcmd     wifi.o
    0x08003524   0x00000034   Code   RO         1023    i.wifi_send         wifi.o
    0x08003558   0x000005f0   Data   RO          847    .constdata          oled.o
    0x08003b48   0x0000003c   Data   RO         1025    .constdata          wifi.o
    0x08003b84   0x00000111   Data   RO         1026    .conststring        wifi.o
    0x08003c95   0x00000003   PAD
    0x08003c98   0x00000020   Data   RO         3407    Region$$Table       anon$$obj.o


    Execution Region RW_IRAM1 (Base: 0x20000000, Size: 0x00000eb8, Max: 0x00020000, ABSOLUTE, COMPRESSED[0x000001fc])

    Base Addr    Size         Type   Attr      Idx    E Section Name        Object

    0x20000000   0x00000018   Data   RW           15    .data               main.o
    0x20000018   0x00000004   Data   RW          295    .data               delay.o
    0x2000001c   0x00000008   Data   RW          334    .data               beep.o
    0x20000024   0x00000008   Data   RW          371    .data               led.o
    0x2000002c   0x00000004   Data   RW          525    .data               systick.o
    0x20000030   0x00000004   Data   RW          654    .data               usart.o
    0x20000034   0x00000005   Data   RW          705    .data               dht11.o
    0x20000039   0x00000003   PAD
    0x2000003c   0x00000264   Data   RW          848    .data               oled.o
    0x200002a0   0x00000004   Data   RW         1027    .data               wifi.o
    0x200002a4   0x00000010   Data   RW         1210    .data               stm32f4xx_rcc.o
    0x200002b4   0x00000004   Data   RW         3383    .data               mc_w.l(stdout.o)
    0x200002b8   0x00000400   Zero   RW          653    .bss                usart.o
    0x200006b8   0x00000400   Zero   RW         1024    .bss                wifi.o
    0x20000ab8   0x00000400   Zero   RW            1    STACK               startup_stm32f40_41xxx.o


==============================================================================

Image component sizes


      Code (inc. data)   RO Data    RW Data    ZI Data      Debug   Object Name

       208         16          0          0          0       1594   adc.o
        88         20          0          8          0       1418   beep.o
       268         16          0          4          0       2291   delay.o
       480         30          0          5          0       4182   dht11.o
       576         92          0          0          0       3874   iic.o
        48          6          0          0          0        447   key.o
       120         24          0          8          0       1843   led.o
       426         36          0         24          0     308885   main.o
       180         24          0          0          0       1973   misc.o
       406         12          0          0          0       3333   nvic.o
      1106        110       1520        612          0       6955   oled.o
       502         18          0          0          0       2227   pwm.o
       460         34          0          0          0       3353   spi.o
        36          8        392          0       1024        836   startup_stm32f40_41xxx.o
       374         24          0          0          0       5266   stm32f4xx_adc.o
       184         16          0          0          0       1980   stm32f4xx_exti.o
       258          0          0          0          0       4433   stm32f4xx_gpio.o
        24          0          0          0          0       3320   stm32f4xx_it.o
       392         48          0         16          0       5565   stm32f4xx_rcc.o
       112          0          0          0          0       3302   stm32f4xx_spi.o
        64          4          0          0          0        624   stm32f4xx_syscfg.o
       960        102          0          0          0       7775   stm32f4xx_tim.o
       468          8          0          0          0       5827   stm32f4xx_usart.o
       340         32          0          0          0       1429   system_stm32f4xx.o
        24          6          0          4          0        586   systick.o
        64         14          0          0          0        872   timx.o
       428         66          0          4       1024       2174   usart.o
       536         84        333          4       1024       2823   wifi.o

    ----------------------------------------------------------------------
      9156        850       2280        692       3072     389187   Object Totals
         0          0         32          0          0          0   (incl. Generated)
        24          0          3          3          0          0   (incl. Padding)

    ----------------------------------------------------------------------

      Code (inc. data)   RO Data    RW Data    ZI Data      Debug   Library Member Name

        86          0          0          0          0          0   __dczerorl2.o
         0          0          0          0          0          0   entry.o
         0          0          0          0          0          0   entry10a.o
         0          0          0          0          0          0   entry11a.o
         8          4          0          0          0          0   entry2.o
         4          0          0          0          0          0   entry5.o
         0          0          0          0          0          0   entry7b.o
         0          0          0          0          0          0   entry8b.o
         8          4          0          0          0          0   entry9a.o
        30          0          0          0          0          0   handlers.o
        36          8          0          0          0         68   init.o
         0          0          0          0          0          0   iusefp.o
        30          0          0          0          0         68   llshl.o
        36          0          0          0          0         68   llsshr.o
        32          0          0          0          0         68   llushr.o
        36          0          0          0          0         68   memcpya.o
        36          0          0          0          0        108   memseta.o
      2276         96          0          0          0        596   printfa.o
         0          0          0          4          0          0   stdout.o
        14          0          0          0          0         68   strlen.o
        36          0          0          0          0         80   strstr.o
        44          0          0          0          0         80   uidiv.o
        98          0          0          0          0         92   uldiv.o
        48          0          0          0          0         68   cdrcmple.o
        56          0          0          0          0         88   d2f.o
       334          0          0          0          0        148   dadd.o
       222          0          0          0          0        100   ddiv.o
       186          0          0          0          0        176   depilogue.o
        48          0          0          0          0         68   dfixul.o
        26          0          0          0          0         76   dfltui.o
       228          0          0          0          0         96   dmul.o
        38          0          0          0          0         68   f2d.o
       110          0          0          0          0        168   fepilogue.o

    ----------------------------------------------------------------------
      4108        112          0          4          0       2420   Library Totals
         2          0          0          0          0          0   (incl. Padding)

    ----------------------------------------------------------------------

      Code (inc. data)   RO Data    RW Data    ZI Data      Debug   Library Name

      2810        112          0          4          0       1364   mc_w.l
      1296          0          0          0          0       1056   mf_w.l

    ----------------------------------------------------------------------
      4108        112          0          4          0       2420   Library Totals

    ----------------------------------------------------------------------

==============================================================================


      Code (inc. data)   RO Data    RW Data    ZI Data      Debug   

     13264        962       2280        696       3072     377943   Grand Totals
     13264        962       2280        508       3072     377943   ELF Image Totals (compressed)
     13264        962       2280        508          0          0   ROM Totals

==============================================================================

    Total RO  Size (Code + RO Data)                15544 (  15.18kB)
    Total RW  Size (RW Data + ZI Data)              3768 (   3.68kB)
    Total ROM Size (Code + RO Data + RW Data)      16052 (  15.68kB)

==============================================================================

